<html>
<body>
<pre>
<h1>礦ision Build Log</h1>
<h2>Tool Versions:</h2>
IDE-Version: μVision V5.21.1.0
Copyright (C) 2016 ARM Ltd and ARM Germany GmbH. All rights reserved.
License Information: rhg rhg, SEU, LIC=Z6FSB-2W9J0-B5WTB-2LCXY-Q56IQ-APT0T
 
Tool Versions:
Toolchain:       MDK-ARM Basic (256K)  Version: 5.21a
Toolchain Path:  D:\UV5\ARM\ARMCC\Bin
C Compiler:      Armcc.exe V5.06 update 3 (build 300)
Assembler:       Armasm.exe V5.06 update 3 (build 300)
Linker/Locator:  ArmLink.exe V5.06 update 3 (build 300)
Library Manager: ArmAr.exe V5.06 update 3 (build 300)
Hex Converter:   FromElf.exe V5.06 update 3 (build 300)
CPU DLL:         SARMCM3.DLL V5.21a
Dialog DLL:      DARMCM1.DLL V1.14.0.0
Target DLL:      Segger\JL2CM3.dll V2.99.23.0
Dialog DLL:      TARMCM1.DLL V1.10.0.0
 
<h2>Project:</h2>
C:\Users\Administrator\Desktop\485\车牌处理\Vehicle_Number_Complete\VehicleNumberDeal.uvprojx
Project File Date:  10/08/2016

<h2>Output:</h2>
*** Using Compiler 'V5.06 update 3 (build 300)', folder: 'D:\UV5\ARM\ARMCC\Bin'
Rebuild target 'Vehicle_Number_Deal'
assembling startup_stm32f051.s...
compiling stm32f0xx_gpio.c...
compiling stm32f0xx_misc.c...
compiling stm32f0xx_rcc.c...
compiling stm32f0xx_usart.c...
compiling stm32f0xx_dma.c...
compiling stm32f0xx_exti.c...
compiling stm32f0xx_syscfg.c...
compiling system_stm32f0xx.c...
compiling main.c...
App\main.c(163): warning:  #940-D: missing return statement at end of non-void function "Deal_WG_Data"
  }
App\main.c(144): warning:  #177-D: variable "temp_WG" was declared but never referenced
  	uint32_t temp_WG = 0;
App\main.c(145): warning:  #177-D: variable "i" was declared but never referenced
  	uint8_t i = 0;
App\main.c: 3 warnings, 0 errors
compiling stm32f0xx_it.c...
compiling systick.c...
compiling RS485.c...
compiling vehicle_number.c...
compiling global_var.c...
compiling wiegand.c...
compiling basic.c...
compiling usart.c...
linking...
Program Size: Code=7324 RO-data=224 RW-data=644 ZI-data=1660  
FromELF: creating hex file...
".\Objects\ExecutableFile.axf" - 0 Error(s), 3 Warning(s).

<h2>Collection of Component include folders:</h2>
  C:\Users\Administrator\Desktop\485\车牌处理\Vehicle_Number_Complete\RTE
  D:\UV5\ARM\PACK\Keil\STM32F0xx_DFP\1.5.0\Device\Include

<h2>Collection of Component Files used:</h2>
Build Time Elapsed:  00:00:07
</pre>
</body>
</html>
