Component: ARM Compiler 5.06 update 3 (build 300) Tool: armlink [4d35c9]

==============================================================================

Section Cross References

    startup_stm32f030.o(STACK) refers (Special) to heapauxi.o(.text) for __use_two_region_memory
    startup_stm32f030.o(HEAP) refers (Special) to heapauxi.o(.text) for __use_two_region_memory
    startup_stm32f030.o(RESET) refers (Special) to heapauxi.o(.text) for __use_two_region_memory
    startup_stm32f030.o(RESET) refers to startup_stm32f030.o(STACK) for __initial_sp
    startup_stm32f030.o(RESET) refers to startup_stm32f030.o(.text) for Reset_Handler
    startup_stm32f030.o(RESET) refers to stm32f0xx_it.o(i.NMI_Handler) for NMI_Handler
    startup_stm32f030.o(RESET) refers to stm32f0xx_it.o(i.HardFault_Handler) for HardFault_Handler
    startup_stm32f030.o(RESET) refers to stm32f0xx_it.o(i.SVC_Handler) for SVC_Handler
    startup_stm32f030.o(RESET) refers to stm32f0xx_it.o(i.PendSV_Handler) for PendSV_Handler
    startup_stm32f030.o(RESET) refers to stm32f0xx_it.o(i.SysTick_Handler) for SysTick_Handler
    startup_stm32f030.o(RESET) refers to stm32f0xx_it.o(i.EXTI4_15_IRQHandler) for EXTI4_15_IRQHandler
    startup_stm32f030.o(RESET) refers to stm32f0xx_it.o(i.USART1_IRQHandler) for USART1_IRQHandler
    startup_stm32f030.o(.text) refers (Special) to heapauxi.o(.text) for __use_two_region_memory
    startup_stm32f030.o(.text) refers to startup_stm32f030.o(STACK) for __initial_sp
    startup_stm32f030.o(.text) refers to system_stm32f0xx.o(i.SystemInit) for SystemInit
    startup_stm32f030.o(.text) refers to __main.o(!!!main) for __main
    startup_stm32f030.o(.text) refers to startup_stm32f030.o(HEAP) for Heap_Mem
    stm32f0xx_gpio.o(i.GPIO_DeInit) refers to stm32f0xx_rcc.o(i.RCC_AHBPeriphResetCmd) for RCC_AHBPeriphResetCmd
    stm32f0xx_rcc.o(i.RCC_GetClocksFreq) refers to aeabi_sdiv.o(.text) for __aeabi_uidivmod
    stm32f0xx_rcc.o(i.RCC_GetClocksFreq) refers to stm32f0xx_rcc.o(.data) for APBAHBPrescTable
    stm32f0xx_rcc.o(i.RCC_WaitForHSEStartUp) refers to stm32f0xx_rcc.o(i.RCC_GetFlagStatus) for RCC_GetFlagStatus
    stm32f0xx_usart.o(i.USART_DeInit) refers to stm32f0xx_rcc.o(i.RCC_APB2PeriphResetCmd) for RCC_APB2PeriphResetCmd
    stm32f0xx_usart.o(i.USART_DeInit) refers to stm32f0xx_rcc.o(i.RCC_APB1PeriphResetCmd) for RCC_APB1PeriphResetCmd
    stm32f0xx_usart.o(i.USART_Init) refers to stm32f0xx_rcc.o(i.RCC_GetClocksFreq) for RCC_GetClocksFreq
    stm32f0xx_usart.o(i.USART_Init) refers to aeabi_sdiv.o(.text) for __aeabi_uidivmod
    stm32f0xx_usart.o(i.USART_Printf) refers to stm32f0xx_usart.o(i.USART_SendData) for USART_SendData
    stm32f0xx_usart.o(i.USART_Printf) refers to stm32f0xx_usart.o(i.USART_GetFlagStatus) for USART_GetFlagStatus
    stm32f0xx_usart.o(i.USART_Send) refers to stm32f0xx_usart.o(i.USART_SendData) for USART_SendData
    stm32f0xx_usart.o(i.USART_Send) refers to stm32f0xx_usart.o(i.USART_GetFlagStatus) for USART_GetFlagStatus
    system_stm32f0xx.o(i.SystemCoreClockUpdate) refers to aeabi_sdiv.o(.text) for __aeabi_uidivmod
    system_stm32f0xx.o(i.SystemCoreClockUpdate) refers to system_stm32f0xx.o(.data) for SystemCoreClock
    system_stm32f0xx.o(i.SystemInit) refers to system_stm32f0xx.o(i.SetSysClock) for SetSysClock
    main.o(i.Deal_485_Data) refers to main.o(i.dealCarNumber) for dealCarNumber
    main.o(i.Deal_485_Data) refers to rs485.o(i.RS485_Data_Rcv) for RS485_Data_Rcv
    main.o(i.Deal_485_Data) refers to main.o(.data) for WiegandUse
    main.o(i.Deal_485_Data) refers to main.o(.bss) for RS485_RCV_DATA
    main.o(i.Deal_WG_Data) refers to main.o(.data) for WiegandUse
    main.o(i.EXIT_Configuration) refers to stm32f0xx_exti.o(i.EXTI_Init) for EXTI_Init
    main.o(i.EXIT_Configuration) refers to stm32f0xx_syscfg.o(i.SYSCFG_EXTILineConfig) for SYSCFG_EXTILineConfig
    main.o(i.System_Initializes) refers to basic.o(i.BASIC_Initializes) for BASIC_Initializes
    main.o(i.System_Initializes) refers to usart.o(i.USART_Initializes) for USART_Initializes
    main.o(i.System_Initializes) refers to main.o(i.EXIT_Configuration) for EXIT_Configuration
    main.o(i.System_Initializes) refers to systick.o(i.SysTick_Init) for SysTick_Init
    main.o(i.System_Initializes) refers to wiegand.o(i.WiegandInit) for WiegandInit
    main.o(i.System_Initializes) refers to main.o(.data) for WiegandUse
    main.o(i.dealCarNumber) refers to rs485.o(i.RS485_Check) for RS485_Check
    main.o(i.dealCarNumber) refers to vehicle_number.o(i.firstPartNumberOut) for firstPartNumberOut
    main.o(i.dealCarNumber) refers to vehicle_number.o(i.secondPartNumberOut) for secondPartNumberOut
    main.o(i.dealCarNumber) refers to vehicle_number.o(i.assembleAscii) for assembleAscii
    main.o(i.main) refers to main.o(i.System_Initializes) for System_Initializes
    main.o(i.main) refers to stm32f0xx_usart.o(i.USART_Printf) for USART_Printf
    main.o(i.main) refers to stm32f0xx_gpio.o(i.GPIO_ResetBits) for GPIO_ResetBits
[...]
    vehicle_number.o(i.secondPartNumberOut) refers to vehicle_number.o(.data) for AlphaBeltaMask
    wiegand.o(i.Get_WG26_Data) refers to wiegand.o(i.WG26_Check) for WG26_Check
    wiegand.o(i.Send_Wiegand) refers to wiegand.o(i.Send_Wiegand42) for Send_Wiegand42
    wiegand.o(i.Send_Wiegand) refers to wiegand.o(i.Send_Wiegand26) for Send_Wiegand26
    wiegand.o(i.Send_Wiegand) refers to led.o(i.LedBlink) for LedBlink
    wiegand.o(i.Send_Wiegand26) refers to stm32f0xx_gpio.o(i.GPIO_SetBits) for GPIO_SetBits
    wiegand.o(i.Send_Wiegand26) refers to wiegand.o(i.WG_Send_Bit_0) for WG_Send_Bit_0
    wiegand.o(i.Send_Wiegand26) refers to wiegand.o(i.WG_Send_Bit_1) for WG_Send_Bit_1
    wiegand.o(i.Send_Wiegand26) refers to wiegand.o(i.WG_Send_Byte) for WG_Send_Byte
    wiegand.o(i.Send_Wiegand34) refers to stm32f0xx_gpio.o(i.GPIO_SetBits) for GPIO_SetBits
    wiegand.o(i.Send_Wiegand34) refers to wiegand.o(i.WG_Send_Bit_0) for WG_Send_Bit_0
    wiegand.o(i.Send_Wiegand34) refers to wiegand.o(i.WG_Send_Bit_1) for WG_Send_Bit_1
    wiegand.o(i.Send_Wiegand34) refers to wiegand.o(i.WG_Send_Byte) for WG_Send_Byte
    wiegand.o(i.Send_Wiegand42) refers to stm32f0xx_gpio.o(i.GPIO_SetBits) for GPIO_SetBits
    wiegand.o(i.Send_Wiegand42) refers to wiegand.o(i.WG_Send_Bit_0) for WG_Send_Bit_0
    wiegand.o(i.Send_Wiegand42) refers to wiegand.o(i.WG_Send_Bit_1) for WG_Send_Bit_1
    wiegand.o(i.Send_Wiegand42) refers to wiegand.o(i.WG_Send_Byte) for WG_Send_Byte
    wiegand.o(i.WG26_Check) refers to led.o(i.LedBlink) for LedBlink
    wiegand.o(i.WG_Send_Bit_0) refers to stm32f0xx_gpio.o(i.GPIO_ResetBits) for GPIO_ResetBits
    wiegand.o(i.WG_Send_Bit_0) refers to wiegand.o(i.Soft_delay_us) for Soft_delay_us
    wiegand.o(i.WG_Send_Bit_0) refers to stm32f0xx_gpio.o(i.GPIO_SetBits) for GPIO_SetBits
    wiegand.o(i.WG_Send_Bit_1) refers to stm32f0xx_gpio.o(i.GPIO_ResetBits) for GPIO_ResetBits
    wiegand.o(i.WG_Send_Bit_1) refers to wiegand.o(i.Soft_delay_us) for Soft_delay_us
    wiegand.o(i.WG_Send_Bit_1) refers to stm32f0xx_gpio.o(i.GPIO_SetBits) for GPIO_SetBits
    wiegand.o(i.WG_Send_Byte) refers to wiegand.o(i.WG_Send_Bit_1) for WG_Send_Bit_1
    wiegand.o(i.WG_Send_Byte) refers to wiegand.o(i.WG_Send_Bit_0) for WG_Send_Bit_0
    wiegand.o(i.WiegandInit) refers to wiegand.o(i.Send_Wiegand) for Send_Wiegand
    wiegand.o(i.WiegandInit) refers to wiegand.o(.data) for WiegandConfig
    wiegand.o(i.WiegandInit) refers to wiegand.o(i.Get_WG26_Data) for Get_WG26_Data
    basic.o(i.BASIC_Initializes) refers to basic.o(i.RCC_Configuration) for RCC_Configuration
    basic.o(i.BASIC_Initializes) refers to basic.o(i.GPIO_Basic_Configuration) for GPIO_Basic_Configuration
    basic.o(i.BASIC_Initializes) refers to basic.o(i.NVIC_Configuration) for NVIC_Configuration
    basic.o(i.GPIO_Basic_Configuration) refers to stm32f0xx_gpio.o(i.GPIO_PinAFConfig) for GPIO_PinAFConfig
    basic.o(i.GPIO_Basic_Configuration) refers to stm32f0xx_gpio.o(i.GPIO_Init) for GPIO_Init
    basic.o(i.NVIC_Configuration) refers to stm32f0xx_misc.o(i.NVIC_Init) for NVIC_Init
    basic.o(i.RCC_Configuration) refers to stm32f0xx_rcc.o(i.RCC_AHBPeriphClockCmd) for RCC_AHBPeriphClockCmd
    basic.o(i.RCC_Configuration) refers to stm32f0xx_rcc.o(i.RCC_APB2PeriphClockCmd) for RCC_APB2PeriphClockCmd
    basic.o(i.RCC_Configuration) refers to stm32f0xx_rcc.o(i.RCC_APB1PeriphClockCmd) for RCC_APB1PeriphClockCmd
    usart.o(i.USART_Configuration) refers to stm32f0xx_usart.o(i.USART_Init) for USART_Init
    usart.o(i.USART_Configuration) refers to stm32f0xx_usart.o(i.USART_ITConfig) for USART_ITConfig
    usart.o(i.USART_Configuration) refers to stm32f0xx_usart.o(i.USART_Cmd) for USART_Cmd
    usart.o(i.USART_Initializes) refers to usart.o(i.USART_Configuration) for USART_Configuration
    led.o(i.LedBlink) refers to stm32f0xx_gpio.o(i.GPIO_SetBits) for GPIO_SetBits
    led.o(i.LedBlink) refers to stm32f0xx_gpio.o(i.GPIO_ResetBits) for GPIO_ResetBits
    led.o(i.LedBlink) refers to wiegand.o(i.Soft_delay_ms) for Soft_delay_ms
    __main.o(!!!main) refers to __rtentry.o(.ARM.Collect$$rtentry$$00000000) for __rt_entry
    __rtentry.o(.ARM.Collect$$rtentry$$00000000) refers (Special) to __rtentry2.o(.ARM.Collect$$rtentry$$0000000A) for __rt_entry_li
    __rtentry.o(.ARM.Collect$$rtentry$$00000000) refers (Special) to __rtentry2.o(.ARM.Collect$$rtentry$$0000000D) for __rt_entry_main
    __rtentry.o(.ARM.Collect$$rtentry$$00000000) refers (Special) to __rtentry2.o(.ARM.Collect$$rtentry$$0000000C) for __rt_entry_postli_1
    __rtentry.o(.ARM.Collect$$rtentry$$00000000) refers (Special) to __rtentry2.o(.ARM.Collect$$rtentry$$00000009) for __rt_entry_postsh_1
    __rtentry.o(.ARM.Collect$$rtentry$$00000000) refers (Special) to __rtentry2.o(.ARM.Collect$$rtentry$$00000002) for __rt_entry_presh_1
    __rtentry.o(.ARM.Collect$$rtentry$$00000000) refers (Special) to __rtentry4.o(.ARM.Collect$$rtentry$$00000004) for __rt_entry_sh
    aeabi_idiv0_sigfpe.o(.text) refers to rt_div0.o(.text) for __rt_div0
    __rtentry2.o(.ARM.Collect$$rtentry$$00000008) refers to boardinit2.o(.text) for _platform_post_stackheap_init
    __rtentry2.o(.ARM.Collect$$rtentry$$0000000A) refers to libinit.o(.ARM.Collect$$libinit$$00000000) for __rt_lib_init
    __rtentry2.o(.ARM.Collect$$rtentry$$0000000B) refers to boardinit3.o(.text) for _platform_post_lib_init
    __rtentry2.o(.ARM.Collect$$rtentry$$0000000D) refers to main.o(i.main) for main
    __rtentry2.o(.ARM.Collect$$rtentry$$0000000D) refers to exit.o(.text) for exit
    __rtentry2.o(.ARM.exidx) refers to __rtentry2.o(.ARM.Collect$$rtentry$$00000001) for .ARM.Collect$$rtentry$$00000001
    __rtentry2.o(.ARM.exidx) refers to __rtentry2.o(.ARM.Collect$$rtentry$$00000008) for .ARM.Collect$$rtentry$$00000008
    __rtentry2.o(.ARM.exidx) refers to __rtentry2.o(.ARM.Collect$$rtentry$$0000000A) for .ARM.Collect$$rtentry$$0000000A
    __rtentry2.o(.ARM.exidx) refers to __rtentry2.o(.ARM.Collect$$rtentry$$0000000B) for .ARM.Collect$$rtentry$$0000000B
    __rtentry2.o(.ARM.exidx) refers to __rtentry2.o(.ARM.Collect$$rtentry$$0000000D) for .ARM.Collect$$rtentry$$0000000D
    __rtentry4.o(.ARM.Collect$$rtentry$$00000004) refers to sys_stackheap_outer.o(.text) for __user_setup_stackheap
    __rtentry4.o(.ARM.exidx) refers to __rtentry4.o(.ARM.Collect$$rtentry$$00000004) for .ARM.Collect$$rtentry$$00000004
    rt_div0.o(.text) refers to defsig_fpe_outer.o(.text) for __rt_SIGFPE
    sys_stackheap_outer.o(.text) refers to libspace.o(.text) for __user_perproc_libspace
    sys_stackheap_outer.o(.text) refers to startup_stm32f030.o(.text) for __user_initial_stackheap
    sys_stackheap_outer.o(__vectab_stack_and_reset_area) refers to tempstk.o(.text) for __temporary_stack_top
    sys_stackheap_outer.o(__vectab_stack_and_reset_area) refers to __main.o(!!!main) for __main
    exit.o(.text) refers to rtexit.o(.ARM.Collect$$rtexit$$00000000) for __rt_exit
    defsig_fpe_outer.o(.text) refers to defsig_fpe_inner.o(.text) for __rt_SIGFPE_inner
    defsig_fpe_outer.o(.text) refers to defsig_exit.o(.text) for __sig_exit
    defsig_fpe_formal.o(.text) refers to rt_raise.o(.text) for __rt_raise
    libinit.o(.ARM.Collect$$libinit$$00000000) refers (Special) to libinit2.o(.ARM.Collect$$libinit$$0000002E) for __rt_lib_init_alloca_1
    libinit.o(.ARM.Collect$$libinit$$00000000) refers (Special) to libinit2.o(.ARM.Collect$$libinit$$0000002C) for __rt_lib_init_argv_1
    libinit.o(.ARM.Collect$$libinit$$00000000) refers (Special) to libinit2.o(.ARM.Collect$$libinit$$0000001B) for __rt_lib_init_atexit_1
    libinit.o(.ARM.Collect$$libinit$$00000000) refers (Special) to libinit2.o(.ARM.Collect$$libinit$$00000021) for __rt_lib_init_clock_1
    libinit.o(.ARM.Collect$$libinit$$00000000) refers (Special) to libinit2.o(.ARM.Collect$$libinit$$00000032) for __rt_lib_init_cpp_1
    libinit.o(.ARM.Collect$$libinit$$00000000) refers (Special) to libinit2.o(.ARM.Collect$$libinit$$00000030) for __rt_lib_init_exceptions_1
    libinit.o(.ARM.Collect$$libinit$$00000000) refers (Special) to libinit2.o(.ARM.Collect$$libinit$$00000002) for __rt_lib_init_fp_1
    libinit.o(.ARM.Collect$$libinit$$00000000) refers (Special) to libinit2.o(.ARM.Collect$$libinit$$0000001F) for __rt_lib_init_fp_trap_1
    libinit.o(.ARM.Collect$$libinit$$00000000) refers (Special) to libinit2.o(.ARM.Collect$$libinit$$00000023) for __rt_lib_init_getenv_1
    libinit.o(.ARM.Collect$$libinit$$00000000) refers (Special) to libinit2.o(.ARM.Collect$$libinit$$0000000A) for __rt_lib_init_heap_1
    libinit.o(.ARM.Collect$$libinit$$00000000) refers (Special) to libinit2.o(.ARM.Collect$$libinit$$00000011) for __rt_lib_init_lc_collate_1
    libinit.o(.ARM.Collect$$libinit$$00000000) refers (Special) to libinit2.o(.ARM.Collect$$libinit$$00000013) for __rt_lib_init_lc_ctype_1
    libinit.o(.ARM.Collect$$libinit$$00000000) refers (Special) to libinit2.o(.ARM.Collect$$libinit$$00000015) for __rt_lib_init_lc_monetary_1
    libinit.o(.ARM.Collect$$libinit$$00000000) refers (Special) to libinit2.o(.ARM.Collect$$libinit$$00000017) for __rt_lib_init_lc_numeric_1
    libinit.o(.ARM.Collect$$libinit$$00000000) refers (Special) to libinit2.o(.ARM.Collect$$libinit$$00000019) for __rt_lib_init_lc_time_1
    libinit.o(.ARM.Collect$$libinit$$00000000) refers (Special) to libinit2.o(.ARM.Collect$$libinit$$00000004) for __rt_lib_init_preinit_1
    libinit.o(.ARM.Collect$$libinit$$00000000) refers (Special) to libinit2.o(.ARM.Collect$$libinit$$0000000E) for __rt_lib_init_rand_1
    libinit.o(.ARM.Collect$$libinit$$00000000) refers (Special) to libinit2.o(.ARM.Collect$$libinit$$00000033) for __rt_lib_init_return
    libinit.o(.ARM.Collect$$libinit$$00000000) refers (Special) to libinit2.o(.ARM.Collect$$libinit$$0000001D) for __rt_lib_init_signal_1
    libinit.o(.ARM.Collect$$libinit$$00000000) refers (Special) to libinit2.o(.ARM.Collect$$libinit$$00000025) for __rt_lib_init_stdio_1
    libinit.o(.ARM.Collect$$libinit$$00000000) refers (Special) to libinit2.o(.ARM.Collect$$libinit$$0000000C) for __rt_lib_init_user_alloc_1
    libspace.o(.text) refers to libspace.o(.bss) for __libspace_start
    rtexit.o(.ARM.Collect$$rtexit$$00000000) refers (Special) to rtexit2.o(.ARM.Collect$$rtexit$$00000004) for __rt_exit_exit
    rtexit.o(.ARM.Collect$$rtexit$$00000000) refers (Special) to rtexit2.o(.ARM.Collect$$rtexit$$00000003) for __rt_exit_ls
    rtexit.o(.ARM.Collect$$rtexit$$00000000) refers (Special) to rtexit2.o(.ARM.Collect$$rtexit$$00000002) for __rt_exit_prels_1
    rtexit.o(.ARM.exidx) refers (Special) to rtexit2.o(.ARM.Collect$$rtexit$$00000004) for __rt_exit_exit
    rtexit.o(.ARM.exidx) refers (Special) to rtexit2.o(.ARM.Collect$$rtexit$$00000003) for __rt_exit_ls
    rtexit.o(.ARM.exidx) refers (Special) to rtexit2.o(.ARM.Collect$$rtexit$$00000002) for __rt_exit_prels_1
    rtexit.o(.ARM.exidx) refers to rtexit.o(.ARM.Collect$$rtexit$$00000000) for .ARM.Collect$$rtexit$$00000000
    rt_raise.o(.text) refers to __raise.o(.text) for __raise
    rt_raise.o(.text) refers to sys_exit.o(.text) for _sys_exit
    defsig_exit.o(.text) refers to sys_exit.o(.text) for _sys_exit
    defsig_fpe_inner.o(.text) refers to defsig_general.o(.text) for __default_signal_display
    libinit2.o(.ARM.Collect$$libinit$$00000010) refers to libinit2.o(.ARM.Collect$$libinit$$0000000F) for .ARM.Collect$$libinit$$0000000F
    libinit2.o(.ARM.Collect$$libinit$$00000012) refers to libinit2.o(.ARM.Collect$$libinit$$0000000F) for .ARM.Collect$$libinit$$0000000F
    libinit2.o(.ARM.Collect$$libinit$$00000014) refers to libinit2.o(.ARM.Collect$$libinit$$0000000F) for .ARM.Collect$$libinit$$0000000F
    libinit2.o(.ARM.Collect$$libinit$$00000016) refers to libinit2.o(.ARM.Collect$$libinit$$0000000F) for .ARM.Collect$$libinit$$0000000F
    libinit2.o(.ARM.Collect$$libinit$$00000018) refers to libinit2.o(.ARM.Collect$$libinit$$0000000F) for .ARM.Collect$$libinit$$0000000F
    libinit2.o(.ARM.Collect$$libinit$$00000026) refers to argv_veneer.o(.text) for __ARM_argv_veneer
    libinit2.o(.ARM.Collect$$libinit$$00000027) refers to argv_veneer.o(.text) for __ARM_argv_veneer
    sys_exit.o(.text) refers (Special) to use_no_semi.o(.text) for __I$use$semihosting
    sys_exit.o(.text) refers (Special) to indicate_semi.o(.text) for __semihosting_library_function
    rtexit2.o(.ARM.Collect$$rtexit$$00000003) refers to libshutdown.o(.ARM.Collect$$libshutdown$$00000000) for __rt_lib_shutdown
    rtexit2.o(.ARM.Collect$$rtexit$$00000004) refers to sys_exit.o(.text) for _sys_exit
    rtexit2.o(.ARM.exidx) refers to rtexit2.o(.ARM.Collect$$rtexit$$00000001) for .ARM.Collect$$rtexit$$00000001
    rtexit2.o(.ARM.exidx) refers to rtexit2.o(.ARM.Collect$$rtexit$$00000003) for .ARM.Collect$$rtexit$$00000003
    rtexit2.o(.ARM.exidx) refers to rtexit2.o(.ARM.Collect$$rtexit$$00000004) for .ARM.Collect$$rtexit$$00000004
    __raise.o(.text) refers to defsig.o(CL$$defsig) for __default_signal_handler
    defsig_general.o(.text) refers to sys_wrch.o(.text) for _ttywrch
    sys_wrch.o(.text) refers (Special) to use_no_semi.o(.text) for __I$use$semihosting
    sys_wrch.o(.text) refers (Special) to indicate_semi.o(.text) for __semihosting_library_function
    defsig.o(CL$$defsig) refers to defsig_fpe_inner.o(.text) for __rt_SIGFPE_inner
    defsig.o(CL$$defsig) refers to defsig_rtmem_inner.o(.text) for __rt_SIGRTMEM_inner
    _get_argv_nomalloc.o(.text) refers (Special) to hrguard.o(.text) for __heap_region$guard
    _get_argv_nomalloc.o(.text) refers to defsig_rtmem_outer.o(.text) for __rt_SIGRTMEM
    _get_argv_nomalloc.o(.text) refers to sys_command.o(.text) for _sys_command_string
    libshutdown.o(.ARM.Collect$$libshutdown$$00000000) refers (Special) to libshutdown2.o(.ARM.Collect$$libshutdown$$00000002) for __rt_lib_shutdown_cpp_1
    libshutdown.o(.ARM.Collect$$libshutdown$$00000000) refers (Special) to libshutdown2.o(.ARM.Collect$$libshutdown$$00000007) for __rt_lib_shutdown_fp_trap_1
    libshutdown.o(.ARM.Collect$$libshutdown$$00000000) refers (Special) to libshutdown2.o(.ARM.Collect$$libshutdown$$0000000F) for __rt_lib_shutdown_heap_1
    libshutdown.o(.ARM.Collect$$libshutdown$$00000000) refers (Special) to libshutdown2.o(.ARM.Collect$$libshutdown$$00000010) for __rt_lib_shutdown_return
    libshutdown.o(.ARM.Collect$$libshutdown$$00000000) refers (Special) to libshutdown2.o(.ARM.Collect$$libshutdown$$0000000A) for __rt_lib_shutdown_signal_1
    libshutdown.o(.ARM.Collect$$libshutdown$$00000000) refers (Special) to libshutdown2.o(.ARM.Collect$$libshutdown$$00000004) for __rt_lib_shutdown_stdio_1
    libshutdown.o(.ARM.Collect$$libshutdown$$00000000) refers (Special) to libshutdown2.o(.ARM.Collect$$libshutdown$$0000000C) for __rt_lib_shutdown_user_alloc_1
    sys_command.o(.text) refers (Special) to use_no_semi.o(.text) for __I$use$semihosting
    sys_command.o(.text) refers (Special) to indicate_semi.o(.text) for __semihosting_library_function
    defsig_abrt_inner.o(.text) refers to defsig_general.o(.text) for __default_signal_display
    defsig_rtred_inner.o(.text) refers to defsig_general.o(.text) for __default_signal_display
    defsig_rtmem_inner.o(.text) refers to defsig_general.o(.text) for __default_signal_display
    defsig_rtmem_outer.o(.text) refers to defsig_rtmem_inner.o(.text) for __rt_SIGRTMEM_inner
    defsig_rtmem_outer.o(.text) refers to defsig_exit.o(.text) for __sig_exit
    defsig_rtmem_formal.o(.text) refers to rt_raise.o(.text) for __rt_raise
    defsig_stak_inner.o(.text) refers to defsig_general.o(.text) for __default_signal_display
    defsig_pvfn_inner.o(.text) refers to defsig_general.o(.text) for __default_signal_display
    defsig_cppl_inner.o(.text) refers to defsig_general.o(.text) for __default_signal_display
    defsig_segv_inner.o(.text) refers to defsig_general.o(.text) for __default_signal_display
    defsig_other.o(.text) refers to defsig_general.o(.text) for __default_signal_display


==============================================================================

Removing Unused input sections from the image.

    Removing stm32f0xx_gpio.o(.rev16_text), (4 bytes).
    Removing stm32f0xx_gpio.o(.revsh_text), (4 bytes).
    Removing stm32f0xx_gpio.o(i.GPIO_DeInit), (176 bytes).
    Removing stm32f0xx_gpio.o(i.GPIO_PinLockConfig), (34 bytes).
    Removing stm32f0xx_gpio.o(i.GPIO_ReadInputData), (6 bytes).
    Removing stm32f0xx_gpio.o(i.GPIO_ReadOutputData), (6 bytes).
    Removing stm32f0xx_gpio.o(i.GPIO_ReadOutputDataBit), (20 bytes).
    Removing stm32f0xx_gpio.o(i.GPIO_StructInit), (24 bytes).
    Removing stm32f0xx_gpio.o(i.GPIO_Write), (4 bytes).
    Removing stm32f0xx_gpio.o(i.GPIO_WriteBit), (12 bytes).
    Removing stm32f0xx_misc.o(.rev16_text), (4 bytes).
    Removing stm32f0xx_misc.o(.revsh_text), (4 bytes).
    Removing stm32f0xx_misc.o(i.NVIC_SystemLPConfig), (32 bytes).
    Removing stm32f0xx_misc.o(i.SysTick_CLKSourceConfig), (36 bytes).
    Removing stm32f0xx_rcc.o(.rev16_text), (4 bytes).
    Removing stm32f0xx_rcc.o(.revsh_text), (4 bytes).
    Removing stm32f0xx_rcc.o(i.RCC_ADCCLKConfig), (56 bytes).
    Removing stm32f0xx_rcc.o(i.RCC_AHBPeriphResetCmd), (32 bytes).
    Removing stm32f0xx_rcc.o(i.RCC_APB1PeriphResetCmd), (32 bytes).
    Removing stm32f0xx_rcc.o(i.RCC_APB2PeriphResetCmd), (32 bytes).
    Removing stm32f0xx_rcc.o(i.RCC_AdjustHSI14CalibrationValue), (32 bytes).
    Removing stm32f0xx_rcc.o(i.RCC_AdjustHSICalibrationValue), (32 bytes).
    Removing stm32f0xx_rcc.o(i.RCC_BackupResetCmd), (40 bytes).
    Removing stm32f0xx_rcc.o(i.RCC_CECCLKConfig), (28 bytes).
    Removing stm32f0xx_rcc.o(i.RCC_ClearFlag), (20 bytes).
    Removing stm32f0xx_rcc.o(i.RCC_ClearITPendingBit), (12 bytes).
    Removing stm32f0xx_rcc.o(i.RCC_ClockSecuritySystemCmd), (40 bytes).
    Removing stm32f0xx_rcc.o(i.RCC_DeInit), (120 bytes).
    Removing stm32f0xx_rcc.o(i.RCC_GetFlagStatus), (72 bytes).
    Removing stm32f0xx_rcc.o(i.RCC_GetITStatus), (28 bytes).
    Removing stm32f0xx_rcc.o(i.RCC_GetSYSCLKSource), (16 bytes).
    Removing stm32f0xx_rcc.o(i.RCC_HCLKConfig), (32 bytes).
    Removing stm32f0xx_rcc.o(i.RCC_HSEConfig), (16 bytes).
    Removing stm32f0xx_rcc.o(i.RCC_HSI14ADCRequestCmd), (36 bytes).
    Removing stm32f0xx_rcc.o(i.RCC_HSI14Cmd), (36 bytes).
    Removing stm32f0xx_rcc.o(i.RCC_HSI48Cmd), (40 bytes).
    Removing stm32f0xx_rcc.o(i.RCC_HSICmd), (36 bytes).
    Removing stm32f0xx_rcc.o(i.RCC_I2CCLKConfig), (28 bytes).
    Removing stm32f0xx_rcc.o(i.RCC_ITConfig), (32 bytes).
    Removing stm32f0xx_rcc.o(i.RCC_LSEConfig), (40 bytes).
    Removing stm32f0xx_rcc.o(i.RCC_LSEDriveConfig), (28 bytes).
    Removing stm32f0xx_rcc.o(i.RCC_LSICmd), (36 bytes).
    Removing stm32f0xx_rcc.o(i.RCC_MCOConfig), (28 bytes).
    Removing stm32f0xx_rcc.o(i.RCC_PCLKConfig), (36 bytes).
    Removing stm32f0xx_rcc.o(i.RCC_PLLCmd), (40 bytes).
    Removing stm32f0xx_rcc.o(i.RCC_PLLConfig), (36 bytes).
    Removing stm32f0xx_rcc.o(i.RCC_PREDIV1Config), (28 bytes).
    Removing stm32f0xx_rcc.o(i.RCC_RTCCLKCmd), (40 bytes).
    Removing stm32f0xx_rcc.o(i.RCC_RTCCLKConfig), (16 bytes).
    Removing stm32f0xx_rcc.o(i.RCC_SYSCLKConfig), (28 bytes).
    Removing stm32f0xx_rcc.o(i.RCC_USARTCLKConfig), (72 bytes).
    Removing stm32f0xx_rcc.o(i.RCC_USBCLKConfig), (28 bytes).
    Removing stm32f0xx_rcc.o(i.RCC_WaitForHSEStartUp), (60 bytes).
    Removing stm32f0xx_usart.o(.rev16_text), (4 bytes).
    Removing stm32f0xx_usart.o(.revsh_text), (4 bytes).
    Removing stm32f0xx_usart.o(i.USART_AddressDetectionConfig), (16 bytes).
    Removing stm32f0xx_usart.o(i.USART_AutoBaudRateCmd), (28 bytes).
    Removing stm32f0xx_usart.o(i.USART_AutoBaudRateConfig), (18 bytes).
    Removing stm32f0xx_usart.o(i.USART_ClearFlag), (4 bytes).
    Removing stm32f0xx_usart.o(i.USART_ClockInit), (36 bytes).
    Removing stm32f0xx_usart.o(i.USART_ClockStructInit), (12 bytes).
    Removing stm32f0xx_usart.o(i.USART_DECmd), (28 bytes).
    Removing stm32f0xx_usart.o(i.USART_DEPolarityConfig), (18 bytes).
    Removing stm32f0xx_usart.o(i.USART_DMACmd), (20 bytes).
    Removing stm32f0xx_usart.o(i.USART_DMAReceptionErrorConfig), (18 bytes).
    Removing stm32f0xx_usart.o(i.USART_DataInvCmd), (28 bytes).
    Removing stm32f0xx_usart.o(i.USART_DeInit), (240 bytes).
    Removing stm32f0xx_usart.o(i.USART_DirectionModeCmd), (20 bytes).
    Removing stm32f0xx_usart.o(i.USART_HalfDuplexCmd), (24 bytes).
    Removing stm32f0xx_usart.o(i.USART_InvPinCmd), (20 bytes).
    Removing stm32f0xx_usart.o(i.USART_IrDACmd), (24 bytes).
    Removing stm32f0xx_usart.o(i.USART_IrDAConfig), (16 bytes).
    Removing stm32f0xx_usart.o(i.USART_LINBreakDetectLengthConfig), (16 bytes).
    Removing stm32f0xx_usart.o(i.USART_LINCmd), (28 bytes).
    Removing stm32f0xx_usart.o(i.USART_MSBFirstCmd), (28 bytes).
    Removing stm32f0xx_usart.o(i.USART_MuteModeCmd), (28 bytes).
    Removing stm32f0xx_usart.o(i.USART_MuteModeWakeUpConfig), (18 bytes).
    Removing stm32f0xx_usart.o(i.USART_OneBitMethodCmd), (28 bytes).
    Removing stm32f0xx_usart.o(i.USART_OverSampling8Cmd), (28 bytes).
    Removing stm32f0xx_usart.o(i.USART_OverrunDetectionConfig), (18 bytes).
    Removing stm32f0xx_usart.o(i.USART_ReceiverTimeOutCmd), (28 bytes).
    Removing stm32f0xx_usart.o(i.USART_RequestCmd), (20 bytes).
    Removing stm32f0xx_usart.o(i.USART_STOPModeCmd), (24 bytes).
    Removing stm32f0xx_usart.o(i.USART_SWAPPinCmd), (28 bytes).
    Removing stm32f0xx_usart.o(i.USART_SetAddress), (18 bytes).
    Removing stm32f0xx_usart.o(i.USART_SetAutoRetryCount), (20 bytes).
    Removing stm32f0xx_usart.o(i.USART_SetBlockLength), (18 bytes).
    Removing stm32f0xx_usart.o(i.USART_SetDEAssertionTime), (20 bytes).
    Removing stm32f0xx_usart.o(i.USART_SetDEDeassertionTime), (20 bytes).
    Removing stm32f0xx_usart.o(i.USART_SetGuardTime), (16 bytes).
    Removing stm32f0xx_usart.o(i.USART_SetPrescaler), (18 bytes).
    Removing stm32f0xx_usart.o(i.USART_SetReceiverTimeOut), (16 bytes).
    Removing stm32f0xx_usart.o(i.USART_SmartCardCmd), (24 bytes).
    Removing stm32f0xx_usart.o(i.USART_SmartCardNACKCmd), (24 bytes).
    Removing stm32f0xx_usart.o(i.USART_StopModeWakeUpSourceConfig), (18 bytes).
    Removing stm32f0xx_usart.o(i.USART_StructInit), (24 bytes).
    Removing stm32f0xx_dma.o(.rev16_text), (4 bytes).
    Removing stm32f0xx_dma.o(.revsh_text), (4 bytes).
    Removing stm32f0xx_dma.o(i.DMA_ClearFlag), (32 bytes).
    Removing stm32f0xx_dma.o(i.DMA_ClearITPendingBit), (32 bytes).
    Removing stm32f0xx_dma.o(i.DMA_Cmd), (28 bytes).
    Removing stm32f0xx_dma.o(i.DMA_DeInit), (356 bytes).
    Removing stm32f0xx_dma.o(i.DMA_GetCurrDataCounter), (8 bytes).
    Removing stm32f0xx_dma.o(i.DMA_GetFlagStatus), (52 bytes).
    Removing stm32f0xx_dma.o(i.DMA_GetITStatus), (52 bytes).
    Removing stm32f0xx_dma.o(i.DMA_ITConfig), (20 bytes).
    Removing stm32f0xx_dma.o(i.DMA_Init), (64 bytes).
    Removing stm32f0xx_dma.o(i.DMA_RemapConfig), (52 bytes).
    Removing stm32f0xx_dma.o(i.DMA_SetCurrDataCounter), (4 bytes).
    Removing stm32f0xx_dma.o(i.DMA_StructInit), (24 bytes).
    Removing stm32f0xx_exti.o(.rev16_text), (4 bytes).
    Removing stm32f0xx_exti.o(.revsh_text), (4 bytes).
    Removing stm32f0xx_exti.o(i.EXTI_ClearFlag), (12 bytes).
    Removing stm32f0xx_exti.o(i.EXTI_DeInit), (32 bytes).
    Removing stm32f0xx_exti.o(i.EXTI_GenerateSWInterrupt), (16 bytes).
    Removing stm32f0xx_exti.o(i.EXTI_GetFlagStatus), (28 bytes).
    Removing stm32f0xx_exti.o(i.EXTI_StructInit), (16 bytes).
    Removing stm32f0xx_syscfg.o(.rev16_text), (4 bytes).
    Removing stm32f0xx_syscfg.o(.revsh_text), (4 bytes).
    Removing stm32f0xx_syscfg.o(i.SYSCFG_BreakConfig), (16 bytes).
    Removing stm32f0xx_syscfg.o(i.SYSCFG_ClearFlag), (16 bytes).
    Removing stm32f0xx_syscfg.o(i.SYSCFG_DMAChannelRemapConfig), (32 bytes).
    Removing stm32f0xx_syscfg.o(i.SYSCFG_DeInit), (44 bytes).
    Removing stm32f0xx_syscfg.o(i.SYSCFG_GetFlagStatus), (32 bytes).
    Removing stm32f0xx_syscfg.o(i.SYSCFG_GetPendingIT), (24 bytes).
    Removing stm32f0xx_syscfg.o(i.SYSCFG_I2CFastModePlusConfig), (32 bytes).
    Removing stm32f0xx_syscfg.o(i.SYSCFG_IRDAEnvSelection), (28 bytes).
    Removing stm32f0xx_syscfg.o(i.SYSCFG_MemoryRemapConfig), (28 bytes).
    Removing system_stm32f0xx.o(.rev16_text), (4 bytes).
    Removing system_stm32f0xx.o(.revsh_text), (4 bytes).
    Removing system_stm32f0xx.o(i.SystemCoreClockUpdate), (176 bytes).
    Removing main.o(.rev16_text), (4 bytes).
    Removing main.o(.revsh_text), (4 bytes).
    Removing stm32f0xx_it.o(.rev16_text), (4 bytes).
    Removing stm32f0xx_it.o(.revsh_text), (4 bytes).
    Removing systick.o(.rev16_text), (4 bytes).
    Removing systick.o(.revsh_text), (4 bytes).
    Removing systick.o(i.Delay_us), (84 bytes).
    Removing systick.o(i.TimingDelay_Decrement), (24 bytes).
    Removing rs485.o(.rev16_text), (4 bytes).
    Removing rs485.o(.revsh_text), (4 bytes).
    Removing rs485.o(i.RS485_DMA_Init), (96 bytes).
    Removing rs485.o(i.RS485_DMA_RcvData), (28 bytes).
    Removing rs485.o(i.RS485_DMA_SendData), (88 bytes).
    Removing rs485.o(i.UART_485_Configuration), (76 bytes).
    Removing rs485.o(.bss), (44 bytes).
    Removing vehicle_number.o(.rev16_text), (4 bytes).
    Removing vehicle_number.o(.revsh_text), (4 bytes).
    Removing vehicle_number.o(i.getVehicle_Number_List), (60 bytes).
    Removing wiegand.o(.rev16_text), (4 bytes).
    Removing wiegand.o(.revsh_text), (4 bytes).
    Removing wiegand.o(i.Send_Wiegand34), (498 bytes).
    Removing wiegand.o(i.WG_Config_RX), (2 bytes).
    Removing wiegand.o(i.WG_Config_TX), (2 bytes).
    Removing wiegand.o(i.WG_RTX_Mode), (2 bytes).
    Removing basic.o(.rev16_text), (4 bytes).
    Removing basic.o(.revsh_text), (4 bytes).
    Removing usart.o(.rev16_text), (4 bytes).
    Removing usart.o(.revsh_text), (4 bytes).
    Removing led.o(.rev16_text), (4 bytes).
    Removing led.o(.revsh_text), (4 bytes).
    Removing led.o(i.GPIO_PinReverse), (8 bytes).
    Removing led.o(i.Led_Init), (2 bytes).

163 unused section(s) (total 5218 bytes) removed from the image.

==============================================================================

Image Symbol Table

    Local Symbols

    Symbol Name                              Value     Ov Type        Size  Object(Section)

    ../clib/../cmprslib/zerorunl2.c          0x00000000   Number         0  __dczerorl2.o ABSOLUTE
    ../clib/angel/boardlib.s                 0x00000000   Number         0  boardshut.o ABSOLUTE
    ../clib/angel/boardlib.s                 0x00000000   Number         0  boardinit3.o ABSOLUTE
    ../clib/angel/boardlib.s                 0x00000000   Number         0  boardinit2.o ABSOLUTE
    ../clib/angel/boardlib.s                 0x00000000   Number         0  boardinit1.o ABSOLUTE
    ../clib/angel/handlers.s                 0x00000000   Number         0  __scatter_zi.o ABSOLUTE
    ../clib/angel/kernel.s                   0x00000000   Number         0  __rtentry4.o ABSOLUTE
    ../clib/angel/kernel.s                   0x00000000   Number         0  __rtentry2.o ABSOLUTE
    ../clib/angel/kernel.s                   0x00000000   Number         0  rtexit.o ABSOLUTE
    ../clib/angel/kernel.s                   0x00000000   Number         0  __rtentry.o ABSOLUTE
    ../clib/angel/kernel.s                   0x00000000   Number         0  rtexit2.o ABSOLUTE
    ../clib/angel/rt.s                       0x00000000   Number         0  rt_div0.o ABSOLUTE
    ../clib/angel/rt.s                       0x00000000   Number         0  aeabi_idiv0_sigfpe.o ABSOLUTE
    ../clib/angel/rt.s                       0x00000000   Number         0  aeabi_idiv0.o ABSOLUTE
    ../clib/angel/rt.s                       0x00000000   Number         0  rt_raise.o ABSOLUTE
    ../clib/angel/scatterp.s                 0x00000000   Number         0  __scatter.o ABSOLUTE
    ../clib/angel/startup.s                  0x00000000   Number         0  __main.o ABSOLUTE
    ../clib/angel/sys.s                      0x00000000   Number         0  use_no_semi.o ABSOLUTE
    ../clib/angel/sys.s                      0x00000000   Number         0  tempstk.o ABSOLUTE
    ../clib/angel/sys.s                      0x00000000   Number         0  sys_stackheap_outer.o ABSOLUTE
    ../clib/angel/sys.s                      0x00000000   Number         0  indicate_semi.o ABSOLUTE
    ../clib/angel/sys.s                      0x00000000   Number         0  libspace.o ABSOLUTE
    ../clib/angel/sysapp.c                   0x00000000   Number         0  sys_wrch.o ABSOLUTE
    ../clib/angel/sysapp.c                   0x00000000   Number         0  sys_exit.o ABSOLUTE
    ../clib/angel/sysapp.c                   0x00000000   Number         0  sys_command.o ABSOLUTE
    ../clib/armsys.c                         0x00000000   Number         0  argv_veneer.o ABSOLUTE
    ../clib/armsys.c                         0x00000000   Number         0  _get_argv_nomalloc.o ABSOLUTE
    ../clib/armsys.c                         0x00000000   Number         0  no_argv.o ABSOLUTE
    ../clib/division.s                       0x00000000   Number         0  aeabi_sdiv.o ABSOLUTE
    ../clib/division.s                       0x00000000   Number         0  aeabi_sdiv_div0.o ABSOLUTE
    ../clib/heapalloc.c                      0x00000000   Number         0  hrguard.o ABSOLUTE
    ../clib/heapaux.c                        0x00000000   Number         0  heapauxi.o ABSOLUTE
    ../clib/libinit.s                        0x00000000   Number         0  libinit2.o ABSOLUTE
    ../clib/libinit.s                        0x00000000   Number         0  libinit.o ABSOLUTE
    ../clib/libinit.s                        0x00000000   Number         0  libshutdown2.o ABSOLUTE
    ../clib/libinit.s                        0x00000000   Number         0  libshutdown.o ABSOLUTE
    ../clib/signal.c                         0x00000000   Number         0  defsig_rtmem_inner.o ABSOLUTE
    ../clib/signal.c                         0x00000000   Number         0  defsig_rtred_inner.o ABSOLUTE
    ../clib/signal.c                         0x00000000   Number         0  defsig_abrt_inner.o ABSOLUTE
    ../clib/signal.c                         0x00000000   Number         0  defsig_rtmem_formal.o ABSOLUTE
    ../clib/signal.c                         0x00000000   Number         0  defsig_fpe_inner.o ABSOLUTE
    ../clib/signal.c                         0x00000000   Number         0  defsig_fpe_formal.o ABSOLUTE
    ../clib/signal.c                         0x00000000   Number         0  defsig_exit.o ABSOLUTE
    ../clib/signal.c                         0x00000000   Number         0  defsig_other.o ABSOLUTE
    ../clib/signal.c                         0x00000000   Number         0  defsig_segv_inner.o ABSOLUTE
    ../clib/signal.c                         0x00000000   Number         0  defsig_cppl_inner.o ABSOLUTE
    ../clib/signal.c                         0x00000000   Number         0  defsig_pvfn_inner.o ABSOLUTE
    ../clib/signal.c                         0x00000000   Number         0  defsig_general.o ABSOLUTE
    ../clib/signal.c                         0x00000000   Number         0  __raise.o ABSOLUTE
    ../clib/signal.c                         0x00000000   Number         0  defsig_stak_inner.o ABSOLUTE
    ../clib/signal.c                         0x00000000   Number         0  defsig_rtmem_outer.o ABSOLUTE
    ../clib/signal.c                         0x00000000   Number         0  defsig_fpe_outer.o ABSOLUTE
    ../clib/signal.s                         0x00000000   Number         0  defsig.o ABSOLUTE
    ../clib/stdlib.c                         0x00000000   Number         0  exit.o ABSOLUTE
    ../fplib/cfplib/fpinit.c                 0x00000000   Number         0  fpinit.o ABSOLUTE
    App\RS485\RS485.c                        0x00000000   Number         0  rs485.o ABSOLUTE
    App\\RS485\\RS485.c                      0x00000000   Number         0  rs485.o ABSOLUTE
    App\\basic\\basic.c                      0x00000000   Number         0  basic.o ABSOLUTE
    App\\led.c                               0x00000000   Number         0  led.o ABSOLUTE
    App\\main.c                              0x00000000   Number         0  main.o ABSOLUTE
    App\\stm32f0xx_it.c                      0x00000000   Number         0  stm32f0xx_it.o ABSOLUTE
    App\\systick.c                           0x00000000   Number         0  systick.o ABSOLUTE
    App\\usart\\usart.c                      0x00000000   Number         0  usart.o ABSOLUTE
    App\\vehicle\\vehicle_number.c           0x00000000   Number         0  vehicle_number.o ABSOLUTE
    App\\wiegand\\wiegand.c                  0x00000000   Number         0  wiegand.o ABSOLUTE
    App\basic\basic.c                        0x00000000   Number         0  basic.o ABSOLUTE
    App\global_var\global_var.c              0x00000000   Number         0  global_var.o ABSOLUTE
    App\led.c                                0x00000000   Number         0  led.o ABSOLUTE
    App\main.c                               0x00000000   Number         0  main.o ABSOLUTE
    App\stm32f0xx_it.c                       0x00000000   Number         0  stm32f0xx_it.o ABSOLUTE
    App\systick.c                            0x00000000   Number         0  systick.o ABSOLUTE
    App\usart\usart.c                        0x00000000   Number         0  usart.o ABSOLUTE
    App\vehicle\vehicle_number.c             0x00000000   Number         0  vehicle_number.o ABSOLUTE
    App\wiegand\wiegand.c                    0x00000000   Number         0  wiegand.o ABSOLUTE
    Libraries\CMSIS\DeviceSupport\startup\startup_stm32f030.s 0x00000000   Number         0  startup_stm32f030.o ABSOLUTE
    Libraries\CMSIS\DeviceSupport\system_stm32f0xx.c 0x00000000   Number         0  system_stm32f0xx.o ABSOLUTE
    Libraries\STM32F0xx_StdPeriph_Driver\src\stm32f0xx_dma.c 0x00000000   Number         0  stm32f0xx_dma.o ABSOLUTE
    Libraries\STM32F0xx_StdPeriph_Driver\src\stm32f0xx_exti.c 0x00000000   Number         0  stm32f0xx_exti.o ABSOLUTE
    Libraries\STM32F0xx_StdPeriph_Driver\src\stm32f0xx_gpio.c 0x00000000   Number         0  stm32f0xx_gpio.o ABSOLUTE
    Libraries\STM32F0xx_StdPeriph_Driver\src\stm32f0xx_misc.c 0x00000000   Number         0  stm32f0xx_misc.o ABSOLUTE
    Libraries\STM32F0xx_StdPeriph_Driver\src\stm32f0xx_rcc.c 0x00000000   Number         0  stm32f0xx_rcc.o ABSOLUTE
    Libraries\STM32F0xx_StdPeriph_Driver\src\stm32f0xx_syscfg.c 0x00000000   Number         0  stm32f0xx_syscfg.o ABSOLUTE
    Libraries\STM32F0xx_StdPeriph_Driver\src\stm32f0xx_usart.c 0x00000000   Number         0  stm32f0xx_usart.o ABSOLUTE
    Libraries\\CMSIS\\DeviceSupport\\system_stm32f0xx.c 0x00000000   Number         0  system_stm32f0xx.o ABSOLUTE
    Libraries\\STM32F0xx_StdPeriph_Driver\\src\\stm32f0xx_dma.c 0x00000000   Number         0  stm32f0xx_dma.o ABSOLUTE
    Libraries\\STM32F0xx_StdPeriph_Driver\\src\\stm32f0xx_exti.c 0x00000000   Number         0  stm32f0xx_exti.o ABSOLUTE
    Libraries\\STM32F0xx_StdPeriph_Driver\\src\\stm32f0xx_gpio.c 0x00000000   Number         0  stm32f0xx_gpio.o ABSOLUTE
    Libraries\\STM32F0xx_StdPeriph_Driver\\src\\stm32f0xx_misc.c 0x00000000   Number         0  stm32f0xx_misc.o ABSOLUTE
    Libraries\\STM32F0xx_StdPeriph_Driver\\src\\stm32f0xx_rcc.c 0x00000000   Number         0  stm32f0xx_rcc.o ABSOLUTE
    Libraries\\STM32F0xx_StdPeriph_Driver\\src\\stm32f0xx_syscfg.c 0x00000000   Number         0  stm32f0xx_syscfg.o ABSOLUTE
    Libraries\\STM32F0xx_StdPeriph_Driver\\src\\stm32f0xx_usart.c 0x00000000   Number         0  stm32f0xx_usart.o ABSOLUTE
    dc.s                                     0x00000000   Number         0  dc.o ABSOLUTE
    RESET                                    0x08000000   Section      180  startup_stm32f030.o(RESET)
    !!!main                                  0x080000b4   Section        8  __main.o(!!!main)
    !!!scatter                               0x080000bc   Section       60  __scatter.o(!!!scatter)
    !!handler_zi                             0x080000f8   Section       28  __scatter_zi.o(!!handler_zi)
    .ARM.Collect$$libinit$$00000000          0x08000114   Section        2  libinit.o(.ARM.Collect$$libinit$$00000000)
    .ARM.Collect$$libinit$$00000002          0x08000116   Section        0  libinit2.o(.ARM.Collect$$libinit$$00000002)
    .ARM.Collect$$libinit$$00000004          0x08000116   Section        0  libinit2.o(.ARM.Collect$$libinit$$00000004)
    .ARM.Collect$$libinit$$0000000A          0x08000116   Section        0  libinit2.o(.ARM.Collect$$libinit$$0000000A)
    .ARM.Collect$$libinit$$0000000C          0x08000116   Section        0  libinit2.o(.ARM.Collect$$libinit$$0000000C)
    .ARM.Collect$$libinit$$0000000E          0x08000116   Section        0  libinit2.o(.ARM.Collect$$libinit$$0000000E)
    .ARM.Collect$$libinit$$00000011          0x08000116   Section        0  libinit2.o(.ARM.Collect$$libinit$$00000011)
    .ARM.Collect$$libinit$$00000013          0x08000116   Section        0  libinit2.o(.ARM.Collect$$libinit$$00000013)
    .ARM.Collect$$libinit$$00000015          0x08000116   Section        0  libinit2.o(.ARM.Collect$$libinit$$00000015)
    .ARM.Collect$$libinit$$00000017          0x08000116   Section        0  libinit2.o(.ARM.Collect$$libinit$$00000017)
    .ARM.Collect$$libinit$$00000019          0x08000116   Section        0  libinit2.o(.ARM.Collect$$libinit$$00000019)
    .ARM.Collect$$libinit$$0000001B          0x08000116   Section        0  libinit2.o(.ARM.Collect$$libinit$$0000001B)
    .ARM.Collect$$libinit$$0000001D          0x08000116   Section        0  libinit2.o(.ARM.Collect$$libinit$$0000001D)
    .ARM.Collect$$libinit$$0000001F          0x08000116   Section        0  libinit2.o(.ARM.Collect$$libinit$$0000001F)
    .ARM.Collect$$libinit$$00000021          0x08000116   Section        0  libinit2.o(.ARM.Collect$$libinit$$00000021)
    .ARM.Collect$$libinit$$00000023          0x08000116   Section        0  libinit2.o(.ARM.Collect$$libinit$$00000023)
    .ARM.Collect$$libinit$$00000025          0x08000116   Section        0  libinit2.o(.ARM.Collect$$libinit$$00000025)
    .ARM.Collect$$libinit$$0000002C          0x08000116   Section        0  libinit2.o(.ARM.Collect$$libinit$$0000002C)
    .ARM.Collect$$libinit$$0000002E          0x08000116   Section        0  libinit2.o(.ARM.Collect$$libinit$$0000002E)
    .ARM.Collect$$libinit$$00000030          0x08000116   Section        0  libinit2.o(.ARM.Collect$$libinit$$00000030)
    .ARM.Collect$$libinit$$00000032          0x08000116   Section        0  libinit2.o(.ARM.Collect$$libinit$$00000032)
    .ARM.Collect$$libinit$$00000033          0x08000116   Section        2  libinit2.o(.ARM.Collect$$libinit$$00000033)
    .ARM.Collect$$libshutdown$$00000000      0x08000118   Section        2  libshutdown.o(.ARM.Collect$$libshutdown$$00000000)
    .ARM.Collect$$libshutdown$$00000002      0x0800011a   Section        0  libshutdown2.o(.ARM.Collect$$libshutdown$$00000002)
    .ARM.Collect$$libshutdown$$00000004      0x0800011a   Section        0  libshutdown2.o(.ARM.Collect$$libshutdown$$00000004)
    .ARM.Collect$$libshutdown$$00000007      0x0800011a   Section        0  libshutdown2.o(.ARM.Collect$$libshutdown$$00000007)
    .ARM.Collect$$libshutdown$$0000000A      0x0800011a   Section        0  libshutdown2.o(.ARM.Collect$$libshutdown$$0000000A)
    .ARM.Collect$$libshutdown$$0000000C      0x0800011a   Section        0  libshutdown2.o(.ARM.Collect$$libshutdown$$0000000C)
    .ARM.Collect$$libshutdown$$0000000F      0x0800011a   Section        0  libshutdown2.o(.ARM.Collect$$libshutdown$$0000000F)
    .ARM.Collect$$libshutdown$$00000010      0x0800011a   Section        2  libshutdown2.o(.ARM.Collect$$libshutdown$$00000010)
    .ARM.Collect$$rtentry$$00000000          0x0800011c   Section        0  __rtentry.o(.ARM.Collect$$rtentry$$00000000)
    .ARM.Collect$$rtentry$$00000002          0x0800011c   Section        0  __rtentry2.o(.ARM.Collect$$rtentry$$00000002)
    .ARM.Collect$$rtentry$$00000004          0x0800011c   Section        6  __rtentry4.o(.ARM.Collect$$rtentry$$00000004)
    .ARM.Collect$$rtentry$$00000009          0x08000122   Section        0  __rtentry2.o(.ARM.Collect$$rtentry$$00000009)
    .ARM.Collect$$rtentry$$0000000A          0x08000122   Section        4  __rtentry2.o(.ARM.Collect$$rtentry$$0000000A)
    .ARM.Collect$$rtentry$$0000000C          0x08000126   Section        0  __rtentry2.o(.ARM.Collect$$rtentry$$0000000C)
    .ARM.Collect$$rtentry$$0000000D          0x08000126   Section        8  __rtentry2.o(.ARM.Collect$$rtentry$$0000000D)
    .ARM.Collect$$rtexit$$00000000           0x0800012e   Section        2  rtexit.o(.ARM.Collect$$rtexit$$00000000)
    .ARM.Collect$$rtexit$$00000002           0x08000130   Section        0  rtexit2.o(.ARM.Collect$$rtexit$$00000002)
    .ARM.Collect$$rtexit$$00000003           0x08000130   Section        4  rtexit2.o(.ARM.Collect$$rtexit$$00000003)
    .ARM.Collect$$rtexit$$00000004           0x08000134   Section        6  rtexit2.o(.ARM.Collect$$rtexit$$00000004)
    .text                                    0x0800013c   Section      116  startup_stm32f030.o(.text)
    .text                                    0x080001b0   Section      346  aeabi_sdiv.o(.text)
    .text                                    0x0800030a   Section        0  heapauxi.o(.text)
    .text                                    0x08000310   Section       62  sys_stackheap_outer.o(.text)
    .text                                    0x0800034e   Section        0  exit.o(.text)
    .text                                    0x08000360   Section        8  libspace.o(.text)
    .text                                    0x08000368   Section        0  sys_exit.o(.text)
    .text                                    0x08000374   Section        2  use_no_semi.o(.text)
    .text                                    0x08000376   Section        0  indicate_semi.o(.text)
    .text                                    0x08000376   Section        0  __dczerorl2.o(.text)
    i.BASIC_Initializes                      0x080003cc   Section        0  basic.o(i.BASIC_Initializes)
    i.CheckIfInFisrtPartVehicleNumberList    0x080003dc   Section        0  vehicle_number.o(i.CheckIfInFisrtPartVehicleNumberList)
    i.Deal_485_Data                          0x0800042c   Section        0  main.o(i.Deal_485_Data)
    i.Deal_WG_Data                           0x080004e4   Section        0  main.o(i.Deal_WG_Data)
    i.Debug_Print                            0x0800057c   Section        0  vehicle_number.o(i.Debug_Print)
    i.EXIT_Configuration                     0x0800058e   Section        0  main.o(i.EXIT_Configuration)
    i.EXTI4_15_IRQHandler                    0x080005d0   Section        0  stm32f0xx_it.o(i.EXTI4_15_IRQHandler)
    i.EXTI_ClearITPendingBit                 0x080007e8   Section        0  stm32f0xx_exti.o(i.EXTI_ClearITPendingBit)
    i.EXTI_GetITStatus                       0x080007f4   Section        0  stm32f0xx_exti.o(i.EXTI_GetITStatus)
    i.EXTI_Init                              0x08000810   Section        0  stm32f0xx_exti.o(i.EXTI_Init)
    i.GPIO_Basic_Configuration               0x08000898   Section        0  basic.o(i.GPIO_Basic_Configuration)
    i.GPIO_Init                              0x080009a6   Section        0  stm32f0xx_gpio.o(i.GPIO_Init)
    i.GPIO_PinAFConfig                       0x08000a36   Section        0  stm32f0xx_gpio.o(i.GPIO_PinAFConfig)
    i.GPIO_ReadInputDataBit                  0x08000a7a   Section        0  stm32f0xx_gpio.o(i.GPIO_ReadInputDataBit)
    i.GPIO_ResetBits                         0x08000a8e   Section        0  stm32f0xx_gpio.o(i.GPIO_ResetBits)
    i.GPIO_SetBits                           0x08000a92   Section        0  stm32f0xx_gpio.o(i.GPIO_SetBits)
    i.Get_WG26_Data                          0x08000a96   Section        0  wiegand.o(i.Get_WG26_Data)
    i.HardFault_Handler                      0x08000ac4   Section        0  stm32f0xx_it.o(i.HardFault_Handler)
    i.LedBlink                               0x08000ac8   Section        0  led.o(i.LedBlink)
    i.NMI_Handler                            0x08000b0a   Section        0  stm32f0xx_it.o(i.NMI_Handler)
    i.NVIC_Configuration                     0x08000b0c   Section        0  basic.o(i.NVIC_Configuration)
    i.NVIC_Init                              0x08000b34   Section        0  stm32f0xx_misc.o(i.NVIC_Init)
    i.NVIC_SetPriority                       0x08000ba4   Section        0  systick.o(i.NVIC_SetPriority)
    NVIC_SetPriority                         0x08000ba5   Thumb Code   110  systick.o(i.NVIC_SetPriority)
    i.PendSV_Handler                         0x08000c1c   Section        0  stm32f0xx_it.o(i.PendSV_Handler)
    i.RCC_AHBPeriphClockCmd                  0x08000c20   Section        0  stm32f0xx_rcc.o(i.RCC_AHBPeriphClockCmd)
    i.RCC_APB1PeriphClockCmd                 0x08000c40   Section        0  stm32f0xx_rcc.o(i.RCC_APB1PeriphClockCmd)
    i.RCC_APB2PeriphClockCmd                 0x08000c60   Section        0  stm32f0xx_rcc.o(i.RCC_APB2PeriphClockCmd)
    i.RCC_Configuration                      0x08000c80   Section        0  basic.o(i.RCC_Configuration)
    i.RCC_GetClocksFreq                      0x08000ca4   Section        0  stm32f0xx_rcc.o(i.RCC_GetClocksFreq)
    i.RS485_Check                            0x08000eec   Section        0  rs485.o(i.RS485_Check)
    i.RS485_Data_Rcv                         0x08000f2e   Section        0  rs485.o(i.RS485_Data_Rcv)
    i.RS485_SendData                         0x08000f40   Section        0  rs485.o(i.RS485_SendData)
    i.SVC_Handler                            0x08000f58   Section        0  stm32f0xx_it.o(i.SVC_Handler)
    i.SYSCFG_EXTILineConfig                  0x08000f5c   Section        0  stm32f0xx_syscfg.o(i.SYSCFG_EXTILineConfig)
    i.Send_Wiegand                           0x08000f9c   Section        0  wiegand.o(i.Send_Wiegand)
    i.Send_Wiegand26                         0x08000fc0   Section        0  wiegand.o(i.Send_Wiegand26)
    i.Send_Wiegand42                         0x080010fa   Section        0  wiegand.o(i.Send_Wiegand42)
    i.SetSysClock                            0x080012ec   Section        0  system_stm32f0xx.o(i.SetSysClock)
    SetSysClock                              0x080012ed   Thumb Code   206  system_stm32f0xx.o(i.SetSysClock)
    i.Soft_delay_ms                          0x080013c4   Section        0  wiegand.o(i.Soft_delay_ms)
    i.Soft_delay_us                          0x080013e8   Section        0  wiegand.o(i.Soft_delay_us)
    i.SysTick_Handler                        0x0800140c   Section        0  stm32f0xx_it.o(i.SysTick_Handler)
    i.SysTick_Init                           0x080014a0   Section        0  systick.o(i.SysTick_Init)
    i.SystemInit                             0x08001504   Section        0  system_stm32f0xx.o(i.SystemInit)
    i.System_Initializes                     0x08001580   Section        0  main.o(i.System_Initializes)
    i.USART1_IRQHandler                      0x080015a0   Section        0  stm32f0xx_it.o(i.USART1_IRQHandler)
    i.USART_ClearITPendingBit                0x08001690   Section        0  stm32f0xx_usart.o(i.USART_ClearITPendingBit)
    i.USART_Cmd                              0x080016a2   Section        0  stm32f0xx_usart.o(i.USART_Cmd)
    i.USART_Configuration                    0x080016bc   Section        0  usart.o(i.USART_Configuration)
    i.USART_GetFlagStatus                    0x08001710   Section        0  stm32f0xx_usart.o(i.USART_GetFlagStatus)
    i.USART_GetITStatus                      0x08001724   Section        0  stm32f0xx_usart.o(i.USART_GetITStatus)
    i.USART_ITConfig                         0x08001772   Section        0  stm32f0xx_usart.o(i.USART_ITConfig)
    i.USART_Init                             0x080017b4   Section        0  stm32f0xx_usart.o(i.USART_Init)
    i.USART_Initializes                      0x080018ac   Section        0  usart.o(i.USART_Initializes)
    i.USART_Printf                           0x080018b4   Section        0  stm32f0xx_usart.o(i.USART_Printf)
    i.USART_ReceiveData                      0x080018e0   Section        0  stm32f0xx_usart.o(i.USART_ReceiveData)
    i.USART_Send                             0x080018ea   Section        0  stm32f0xx_usart.o(i.USART_Send)
    i.USART_SendData                         0x08001918   Section        0  stm32f0xx_usart.o(i.USART_SendData)
    i.WG26_Check                             0x08001934   Section        0  wiegand.o(i.WG26_Check)
    i.WG_Send_Bit_0                          0x08001a0c   Section        0  wiegand.o(i.WG_Send_Bit_0)
    i.WG_Send_Bit_1                          0x08001a34   Section        0  wiegand.o(i.WG_Send_Bit_1)
    i.WG_Send_Byte                           0x08001a5c   Section        0  wiegand.o(i.WG_Send_Byte)
    i.WiegandInit                            0x08001a84   Section        0  wiegand.o(i.WiegandInit)
    i.assembleAscii                          0x08001aa0   Section        0  vehicle_number.o(i.assembleAscii)
    i.combineAsciiToDec                      0x08001af4   Section        0  vehicle_number.o(i.combineAsciiToDec)
    i.dealCarNumber                          0x08001b08   Section        0  main.o(i.dealCarNumber)
    i.firstPartNumberOut                     0x08001b60   Section        0  vehicle_number.o(i.firstPartNumberOut)
    i.getPositionInSecondPartVehicleNumberList 0x08001c34   Section        0  vehicle_number.o(i.getPositionInSecondPartVehicleNumberList)
    i.getRealPositionInAlphaBeltaList        0x08001c62   Section        0  vehicle_number.o(i.getRealPositionInAlphaBeltaList)
    i.getSecondVehicleNumHead                0x08001ca0   Section        0  vehicle_number.o(i.getSecondVehicleNumHead)
    i.getVehicleNumHead                      0x08001ca8   Section        0  vehicle_number.o(i.getVehicleNumHead)
    i.main                                   0x08001cb0   Section        0  main.o(i.main)
    i.secondPartNumberOut                    0x08001dcc   Section        0  vehicle_number.o(i.secondPartNumberOut)
    i.uint8ToUint16                          0x08001e54   Section        0  vehicle_number.o(i.uint8ToUint16)
    .data                                    0x20000000   Section       16  stm32f0xx_rcc.o(.data)
    APBAHBPrescTable                         0x20000000   Data          16  stm32f0xx_rcc.o(.data)
    .data                                    0x20000010   Section       20  system_stm32f0xx.o(.data)
    .data                                    0x20000024   Section       24  main.o(.data)
    .data                                    0x2000003c   Section        7  stm32f0xx_it.o(.data)
    .data                                    0x20000044   Section        5  systick.o(.data)
    TimingDelay                              0x20000044   Data           4  systick.o(.data)
    .data                                    0x2000004c   Section      560  vehicle_number.o(.data)
    .data                                    0x2000027c   Section        8  wiegand.o(.data)
    .bss                                     0x20000284   Section       25  main.o(.bss)
    .bss                                     0x200002a0   Section       96  libspace.o(.bss)
    HEAP                                     0x20000300   Section      512  startup_stm32f030.o(HEAP)
    Heap_Mem                                 0x20000300   Data         512  startup_stm32f030.o(HEAP)
    STACK                                    0x20000500   Section     1024  startup_stm32f030.o(STACK)
    Stack_Mem                                0x20000500   Data        1024  startup_stm32f030.o(STACK)
    __initial_sp                             0x20000900   Data           0  startup_stm32f030.o(STACK)

    Global Symbols

    Symbol Name                              Value     Ov Type        Size  Object(Section)

    BuildAttributes$$THM_ISAv3M$S$PE$A:L22$X:L11$S22$IEEE1$IW$USESV6$~STKCKD$USESV7$~SHL$OSPACE$ROPI$EBA8$UX$STANDARDLIB$REQ8$PRES8$EABIv2 0x00000000   Number         0  anon$$obj.o ABSOLUTE
    __ARM_use_no_argv                        0x00000000   Number         0  main.o ABSOLUTE
    __ARM_exceptions_init                     - Undefined Weak Reference
    __alloca_initialize                       - Undefined Weak Reference
    __arm_preinit_                            - Undefined Weak Reference
    __cpp_initialize__aeabi_                  - Undefined Weak Reference
    __cxa_finalize                            - Undefined Weak Reference
    __rt_locale                               - Undefined Weak Reference
    __sigvec_lookup                           - Undefined Weak Reference
    _atexit_init                              - Undefined Weak Reference
    _call_atexit_fns                          - Undefined Weak Reference
    _clock_init                               - Undefined Weak Reference
    _fp_trap_init                             - Undefined Weak Reference
    _fp_trap_shutdown                         - Undefined Weak Reference
    _get_lc_collate                           - Undefined Weak Reference
    _get_lc_ctype                             - Undefined Weak Reference
    _get_lc_monetary                          - Undefined Weak Reference
    _get_lc_numeric                           - Undefined Weak Reference
    _get_lc_time                              - Undefined Weak Reference
    _getenv_init                              - Undefined Weak Reference
    _handle_redirection                       - Undefined Weak Reference
    _init_alloc                               - Undefined Weak Reference
    _init_user_alloc                          - Undefined Weak Reference
    _initio                                   - Undefined Weak Reference
    _rand_init                                - Undefined Weak Reference
    _signal_finish                            - Undefined Weak Reference
    _signal_init                              - Undefined Weak Reference
    _terminate_alloc                          - Undefined Weak Reference
    _terminate_user_alloc                     - Undefined Weak Reference
    _terminateio                              - Undefined Weak Reference
    __Vectors_Size                           0x000000b4   Number         0  startup_stm32f030.o ABSOLUTE
    __Vectors                                0x08000000   Data           4  startup_stm32f030.o(RESET)
    __Vectors_End                            0x080000b4   Data           0  startup_stm32f030.o(RESET)
    __main                                   0x080000b5   Thumb Code     8  __main.o(!!!main)
    __scatterload                            0x080000bd   Thumb Code     0  __scatter.o(!!!scatter)
    __scatterload_rt2                        0x080000bd   Thumb Code    52  __scatter.o(!!!scatter)
    __scatterload_rt2_thumb_only             0x080000bd   Thumb Code     0  __scatter.o(!!!scatter)
    __scatterload_null                       0x080000cd   Thumb Code     0  __scatter.o(!!!scatter)
    __scatterload_zeroinit                   0x080000f9   Thumb Code    28  __scatter_zi.o(!!handler_zi)
    __rt_lib_init                            0x08000115   Thumb Code     0  libinit.o(.ARM.Collect$$libinit$$00000000)
    __rt_lib_init_alloca_1                   0x08000117   Thumb Code     0  libinit2.o(.ARM.Collect$$libinit$$0000002E)
    __rt_lib_init_argv_1                     0x08000117   Thumb Code     0  libinit2.o(.ARM.Collect$$libinit$$0000002C)
    __rt_lib_init_atexit_1                   0x08000117   Thumb Code     0  libinit2.o(.ARM.Collect$$libinit$$0000001B)
    __rt_lib_init_clock_1                    0x08000117   Thumb Code     0  libinit2.o(.ARM.Collect$$libinit$$00000021)
    __rt_lib_init_cpp_1                      0x08000117   Thumb Code     0  libinit2.o(.ARM.Collect$$libinit$$00000032)
    __rt_lib_init_exceptions_1               0x08000117   Thumb Code     0  libinit2.o(.ARM.Collect$$libinit$$00000030)
    __rt_lib_init_fp_1                       0x08000117   Thumb Code     0  libinit2.o(.ARM.Collect$$libinit$$00000002)
    __rt_lib_init_fp_trap_1                  0x08000117   Thumb Code     0  libinit2.o(.ARM.Collect$$libinit$$0000001F)
    __rt_lib_init_getenv_1                   0x08000117   Thumb Code     0  libinit2.o(.ARM.Collect$$libinit$$00000023)
    __rt_lib_init_heap_1                     0x08000117   Thumb Code     0  libinit2.o(.ARM.Collect$$libinit$$0000000A)
    __rt_lib_init_lc_collate_1               0x08000117   Thumb Code     0  libinit2.o(.ARM.Collect$$libinit$$00000011)
    __rt_lib_init_lc_ctype_1                 0x08000117   Thumb Code     0  libinit2.o(.ARM.Collect$$libinit$$00000013)
    __rt_lib_init_lc_monetary_1              0x08000117   Thumb Code     0  libinit2.o(.ARM.Collect$$libinit$$00000015)
    __rt_lib_init_lc_numeric_1               0x08000117   Thumb Code     0  libinit2.o(.ARM.Collect$$libinit$$00000017)
    __rt_lib_init_lc_time_1                  0x08000117   Thumb Code     0  libinit2.o(.ARM.Collect$$libinit$$00000019)
    __rt_lib_init_preinit_1                  0x08000117   Thumb Code     0  libinit2.o(.ARM.Collect$$libinit$$00000004)
    __rt_lib_init_rand_1                     0x08000117   Thumb Code     0  libinit2.o(.ARM.Collect$$libinit$$0000000E)
    __rt_lib_init_return                     0x08000117   Thumb Code     0  libinit2.o(.ARM.Collect$$libinit$$00000033)
    __rt_lib_init_signal_1                   0x08000117   Thumb Code     0  libinit2.o(.ARM.Collect$$libinit$$0000001D)
    __rt_lib_init_stdio_1                    0x08000117   Thumb Code     0  libinit2.o(.ARM.Collect$$libinit$$00000025)
    __rt_lib_init_user_alloc_1               0x08000117   Thumb Code     0  libinit2.o(.ARM.Collect$$libinit$$0000000C)
    __rt_lib_shutdown                        0x08000119   Thumb Code     0  libshutdown.o(.ARM.Collect$$libshutdown$$00000000)
    __rt_lib_shutdown_cpp_1                  0x0800011b   Thumb Code     0  libshutdown2.o(.ARM.Collect$$libshutdown$$00000002)
    __rt_lib_shutdown_fp_trap_1              0x0800011b   Thumb Code     0  libshutdown2.o(.ARM.Collect$$libshutdown$$00000007)
    __rt_lib_shutdown_heap_1                 0x0800011b   Thumb Code     0  libshutdown2.o(.ARM.Collect$$libshutdown$$0000000F)
    __rt_lib_shutdown_return                 0x0800011b   Thumb Code     0  libshutdown2.o(.ARM.Collect$$libshutdown$$00000010)
    __rt_lib_shutdown_signal_1               0x0800011b   Thumb Code     0  libshutdown2.o(.ARM.Collect$$libshutdown$$0000000A)
    __rt_lib_shutdown_stdio_1                0x0800011b   Thumb Code     0  libshutdown2.o(.ARM.Collect$$libshutdown$$00000004)
    __rt_lib_shutdown_user_alloc_1           0x0800011b   Thumb Code     0  libshutdown2.o(.ARM.Collect$$libshutdown$$0000000C)
    __rt_entry                               0x0800011d   Thumb Code     0  __rtentry.o(.ARM.Collect$$rtentry$$00000000)
    __rt_entry_presh_1                       0x0800011d   Thumb Code     0  __rtentry2.o(.ARM.Collect$$rtentry$$00000002)
    __rt_entry_sh                            0x0800011d   Thumb Code     0  __rtentry4.o(.ARM.Collect$$rtentry$$00000004)
    __rt_entry_li                            0x08000123   Thumb Code     0  __rtentry2.o(.ARM.Collect$$rtentry$$0000000A)
    __rt_entry_postsh_1                      0x08000123   Thumb Code     0  __rtentry2.o(.ARM.Collect$$rtentry$$00000009)
    __rt_entry_main                          0x08000127   Thumb Code     0  __rtentry2.o(.ARM.Collect$$rtentry$$0000000D)
    __rt_entry_postli_1                      0x08000127   Thumb Code     0  __rtentry2.o(.ARM.Collect$$rtentry$$0000000C)
    __rt_exit                                0x0800012f   Thumb Code     0  rtexit.o(.ARM.Collect$$rtexit$$00000000)
    __rt_exit_ls                             0x08000131   Thumb Code     0  rtexit2.o(.ARM.Collect$$rtexit$$00000003)
    __rt_exit_prels_1                        0x08000131   Thumb Code     0  rtexit2.o(.ARM.Collect$$rtexit$$00000002)
    __rt_exit_exit                           0x08000135   Thumb Code     0  rtexit2.o(.ARM.Collect$$rtexit$$00000004)
    Reset_Handler                            0x0800013d   Thumb Code    38  startup_stm32f030.o(.text)
    ADC1_IRQHandler                          0x0800016d   Thumb Code     0  startup_stm32f030.o(.text)
    DMA1_Channel1_IRQHandler                 0x0800016d   Thumb Code     0  startup_stm32f030.o(.text)
    DMA1_Channel2_3_IRQHandler               0x0800016d   Thumb Code     0  startup_stm32f030.o(.text)
    DMA1_Channel4_5_IRQHandler               0x0800016d   Thumb Code     0  startup_stm32f030.o(.text)
    EXTI0_1_IRQHandler                       0x0800016d   Thumb Code     0  startup_stm32f030.o(.text)
    EXTI2_3_IRQHandler                       0x0800016d   Thumb Code     0  startup_stm32f030.o(.text)
    FLASH_IRQHandler                         0x0800016d   Thumb Code     0  startup_stm32f030.o(.text)
    I2C1_IRQHandler                          0x0800016d   Thumb Code     0  startup_stm32f030.o(.text)
    I2C2_IRQHandler                          0x0800016d   Thumb Code     0  startup_stm32f030.o(.text)
    RCC_IRQHandler                           0x0800016d   Thumb Code     0  startup_stm32f030.o(.text)
    RTC_IRQHandler                           0x0800016d   Thumb Code     0  startup_stm32f030.o(.text)
    SPI1_IRQHandler                          0x0800016d   Thumb Code     0  startup_stm32f030.o(.text)
    SPI2_IRQHandler                          0x0800016d   Thumb Code     0  startup_stm32f030.o(.text)
    TIM14_IRQHandler                         0x0800016d   Thumb Code     0  startup_stm32f030.o(.text)
    TIM15_IRQHandler                         0x0800016d   Thumb Code     0  startup_stm32f030.o(.text)
    TIM16_IRQHandler                         0x0800016d   Thumb Code     0  startup_stm32f030.o(.text)
    TIM17_IRQHandler                         0x0800016d   Thumb Code     0  startup_stm32f030.o(.text)
    TIM1_BRK_UP_TRG_COM_IRQHandler           0x0800016d   Thumb Code     0  startup_stm32f030.o(.text)
    TIM1_CC_IRQHandler                       0x0800016d   Thumb Code     0  startup_stm32f030.o(.text)
    TIM3_IRQHandler                          0x0800016d   Thumb Code     0  startup_stm32f030.o(.text)
    USART2_IRQHandler                        0x0800016d   Thumb Code     0  startup_stm32f030.o(.text)
    WWDG_IRQHandler                          0x0800016d   Thumb Code     0  startup_stm32f030.o(.text)
    __user_initial_stackheap                 0x08000171   Thumb Code     0  startup_stm32f030.o(.text)
    __aeabi_uidiv                            0x080001b1   Thumb Code     0  aeabi_sdiv.o(.text)
    __aeabi_uidivmod                         0x080001b1   Thumb Code    20  aeabi_sdiv.o(.text)
    __aeabi_idiv                             0x080001c5   Thumb Code     0  aeabi_sdiv.o(.text)
    __aeabi_idivmod                          0x080001c5   Thumb Code   326  aeabi_sdiv.o(.text)
    __use_two_region_memory                  0x0800030b   Thumb Code     2  heapauxi.o(.text)
    __rt_heap_escrow$2region                 0x0800030d   Thumb Code     2  heapauxi.o(.text)
    __rt_heap_expand$2region                 0x0800030f   Thumb Code     2  heapauxi.o(.text)
    __user_setup_stackheap                   0x08000311   Thumb Code    62  sys_stackheap_outer.o(.text)
    exit                                     0x0800034f   Thumb Code    16  exit.o(.text)
    __user_libspace                          0x08000361   Thumb Code     8  libspace.o(.text)
    __user_perproc_libspace                  0x08000361   Thumb Code     0  libspace.o(.text)
    __user_perthread_libspace                0x08000361   Thumb Code     0  libspace.o(.text)
    _sys_exit                                0x08000369   Thumb Code     8  sys_exit.o(.text)
    __I$use$semihosting                      0x08000375   Thumb Code     0  use_no_semi.o(.text)
    __use_no_semihosting_swi                 0x08000375   Thumb Code     2  use_no_semi.o(.text)
    __decompress                             0x08000377   Thumb Code     0  __dczerorl2.o(.text)
    __decompress1                            0x08000377   Thumb Code    86  __dczerorl2.o(.text)
    __semihosting_library_function           0x08000377   Thumb Code     0  indicate_semi.o(.text)
    BASIC_Initializes                        0x080003cd   Thumb Code    16  basic.o(i.BASIC_Initializes)
    CheckIfInFisrtPartVehicleNumberList      0x080003dd   Thumb Code    78  vehicle_number.o(i.CheckIfInFisrtPartVehicleNumberList)
    Deal_485_Data                            0x0800042d   Thumb Code   148  main.o(i.Deal_485_Data)
    Deal_WG_Data                             0x080004e5   Thumb Code   124  main.o(i.Deal_WG_Data)
    Debug_Print                              0x0800057d   Thumb Code    18  vehicle_number.o(i.Debug_Print)
    EXIT_Configuration                       0x0800058f   Thumb Code    64  main.o(i.EXIT_Configuration)
    EXTI4_15_IRQHandler                      0x080005d1   Thumb Code   488  stm32f0xx_it.o(i.EXTI4_15_IRQHandler)
    EXTI_ClearITPendingBit                   0x080007e9   Thumb Code     6  stm32f0xx_exti.o(i.EXTI_ClearITPendingBit)
    EXTI_GetITStatus                         0x080007f5   Thumb Code    22  stm32f0xx_exti.o(i.EXTI_GetITStatus)
    EXTI_Init                                0x08000811   Thumb Code   132  stm32f0xx_exti.o(i.EXTI_Init)
    GPIO_Basic_Configuration                 0x08000899   Thumb Code   270  basic.o(i.GPIO_Basic_Configuration)
    GPIO_Init                                0x080009a7   Thumb Code   144  stm32f0xx_gpio.o(i.GPIO_Init)
    GPIO_PinAFConfig                         0x08000a37   Thumb Code    68  stm32f0xx_gpio.o(i.GPIO_PinAFConfig)
    GPIO_ReadInputDataBit                    0x08000a7b   Thumb Code    20  stm32f0xx_gpio.o(i.GPIO_ReadInputDataBit)
    GPIO_ResetBits                           0x08000a8f   Thumb Code     4  stm32f0xx_gpio.o(i.GPIO_ResetBits)
    GPIO_SetBits                             0x08000a93   Thumb Code     4  stm32f0xx_gpio.o(i.GPIO_SetBits)
    Get_WG26_Data                            0x08000a97   Thumb Code    46  wiegand.o(i.Get_WG26_Data)
    HardFault_Handler                        0x08000ac5   Thumb Code     4  stm32f0xx_it.o(i.HardFault_Handler)
    LedBlink                                 0x08000ac9   Thumb Code    66  led.o(i.LedBlink)
    NMI_Handler                              0x08000b0b   Thumb Code     2  stm32f0xx_it.o(i.NMI_Handler)
    NVIC_Configuration                       0x08000b0d   Thumb Code    40  basic.o(i.NVIC_Configuration)
    NVIC_Init                                0x08000b35   Thumb Code   106  stm32f0xx_misc.o(i.NVIC_Init)
    PendSV_Handler                           0x08000c1d   Thumb Code     2  stm32f0xx_it.o(i.PendSV_Handler)
    RCC_AHBPeriphClockCmd                    0x08000c21   Thumb Code    28  stm32f0xx_rcc.o(i.RCC_AHBPeriphClockCmd)
    RCC_APB1PeriphClockCmd                   0x08000c41   Thumb Code    28  stm32f0xx_rcc.o(i.RCC_APB1PeriphClockCmd)
    RCC_APB2PeriphClockCmd                   0x08000c61   Thumb Code    28  stm32f0xx_rcc.o(i.RCC_APB2PeriphClockCmd)
    RCC_Configuration                        0x08000c81   Thumb Code    30  basic.o(i.RCC_Configuration)
    RCC_GetClocksFreq                        0x08000ca5   Thumb Code   554  stm32f0xx_rcc.o(i.RCC_GetClocksFreq)
    RS485_Check                              0x08000eed   Thumb Code    66  rs485.o(i.RS485_Check)
    RS485_Data_Rcv                           0x08000f2f   Thumb Code    18  rs485.o(i.RS485_Data_Rcv)
    RS485_SendData                           0x08000f41   Thumb Code    18  rs485.o(i.RS485_SendData)
    SVC_Handler                              0x08000f59   Thumb Code     2  stm32f0xx_it.o(i.SVC_Handler)
    SYSCFG_EXTILineConfig                    0x08000f5d   Thumb Code    60  stm32f0xx_syscfg.o(i.SYSCFG_EXTILineConfig)
    Send_Wiegand                             0x08000f9d   Thumb Code    36  wiegand.o(i.Send_Wiegand)
    Send_Wiegand26                           0x08000fc1   Thumb Code   314  wiegand.o(i.Send_Wiegand26)
    Send_Wiegand42                           0x080010fb   Thumb Code   498  wiegand.o(i.Send_Wiegand42)
    Soft_delay_ms                            0x080013c5   Thumb Code    30  wiegand.o(i.Soft_delay_ms)
    Soft_delay_us                            0x080013e9   Thumb Code    34  wiegand.o(i.Soft_delay_us)
    SysTick_Handler                          0x0800140d   Thumb Code   116  stm32f0xx_it.o(i.SysTick_Handler)
    SysTick_Init                             0x080014a1   Thumb Code    82  systick.o(i.SysTick_Init)
    SystemInit                               0x08001505   Thumb Code   110  system_stm32f0xx.o(i.SystemInit)
    System_Initializes                       0x08001581   Thumb Code    28  main.o(i.System_Initializes)
    USART1_IRQHandler                        0x080015a1   Thumb Code   202  stm32f0xx_it.o(i.USART1_IRQHandler)
    USART_ClearITPendingBit                  0x08001691   Thumb Code    18  stm32f0xx_usart.o(i.USART_ClearITPendingBit)
    USART_Cmd                                0x080016a3   Thumb Code    24  stm32f0xx_usart.o(i.USART_Cmd)
    USART_Configuration                      0x080016bd   Thumb Code    70  usart.o(i.USART_Configuration)
    USART_GetFlagStatus                      0x08001711   Thumb Code    20  stm32f0xx_usart.o(i.USART_GetFlagStatus)
    USART_GetITStatus                        0x08001725   Thumb Code    78  stm32f0xx_usart.o(i.USART_GetITStatus)
    USART_ITConfig                           0x08001773   Thumb Code    66  stm32f0xx_usart.o(i.USART_ITConfig)
    USART_Init                               0x080017b5   Thumb Code   226  stm32f0xx_usart.o(i.USART_Init)
    USART_Initializes                        0x080018ad   Thumb Code     8  usart.o(i.USART_Initializes)
    USART_Printf                             0x080018b5   Thumb Code    38  stm32f0xx_usart.o(i.USART_Printf)
    USART_ReceiveData                        0x080018e1   Thumb Code    10  stm32f0xx_usart.o(i.USART_ReceiveData)
    USART_Send                               0x080018eb   Thumb Code    46  stm32f0xx_usart.o(i.USART_Send)
    USART_SendData                           0x08001919   Thumb Code    22  stm32f0xx_usart.o(i.USART_SendData)
    WG26_Check                               0x08001935   Thumb Code   214  wiegand.o(i.WG26_Check)
    WG_Send_Bit_0                            0x08001a0d   Thumb Code    36  wiegand.o(i.WG_Send_Bit_0)
    WG_Send_Bit_1                            0x08001a35   Thumb Code    36  wiegand.o(i.WG_Send_Bit_1)
    WG_Send_Byte                             0x08001a5d   Thumb Code    40  wiegand.o(i.WG_Send_Byte)
    WiegandInit                              0x08001a85   Thumb Code    14  wiegand.o(i.WiegandInit)
    assembleAscii                            0x08001aa1   Thumb Code    76  vehicle_number.o(i.assembleAscii)
    combineAsciiToDec                        0x08001af5   Thumb Code    20  vehicle_number.o(i.combineAsciiToDec)
    dealCarNumber                            0x08001b09   Thumb Code    88  main.o(i.dealCarNumber)
    firstPartNumberOut                       0x08001b61   Thumb Code   180  vehicle_number.o(i.firstPartNumberOut)
    getPositionInSecondPartVehicleNumberList 0x08001c35   Thumb Code    46  vehicle_number.o(i.getPositionInSecondPartVehicleNumberList)
    getRealPositionInAlphaBeltaList          0x08001c63   Thumb Code    60  vehicle_number.o(i.getRealPositionInAlphaBeltaList)
    getSecondVehicleNumHead                  0x08001ca1   Thumb Code     4  vehicle_number.o(i.getSecondVehicleNumHead)
    getVehicleNumHead                        0x08001ca9   Thumb Code     4  vehicle_number.o(i.getVehicleNumHead)
    main                                     0x08001cb1   Thumb Code   204  main.o(i.main)
    secondPartNumberOut                      0x08001dcd   Thumb Code   132  vehicle_number.o(i.secondPartNumberOut)
    uint8ToUint16                            0x08001e55   Thumb Code    22  vehicle_number.o(i.uint8ToUint16)
    Region$$Table$$Base                      0x08001e6c   Number         0  anon$$obj.o(Region$$Table)
    Region$$Table$$Limit                     0x08001e8c   Number         0  anon$$obj.o(Region$$Table)
    SystemCoreClock                          0x20000010   Data           4  system_stm32f0xx.o(.data)
    AHBPrescTable                            0x20000014   Data          16  system_stm32f0xx.o(.data)
    WG_RCV_DATA                              0x20000024   Data           3  main.o(.data)
    WG_RCV_DATA_TEXT                         0x20000027   Data           3  main.o(.data)
    WG_temp_buf                              0x2000002c   Data           4  main.o(.data)
    FLAG_EXTI                                0x20000030   Data           1  main.o(.data)
    FLAG_REPERTORY                           0x20000031   Data           1  main.o(.data)
    FLAG_WG_CACHE                            0x20000032   Data           1  main.o(.data)
    FLAG_485_CACHE                           0x20000033   Data           1  main.o(.data)
    FLAG_DATA                                0x20000034   Data           1  main.o(.data)
    WiegandUse                               0x20000038   Data           4  main.o(.data)
    tim_cnt                                  0x2000003c   Data           2  stm32f0xx_it.o(.data)
    tim_free_cnt                             0x2000003e   Data           2  stm32f0xx_it.o(.data)
    FLAG_CHECK_FREE                          0x20000040   Data           1  stm32f0xx_it.o(.data)
    WG_cnt                                   0x20000041   Data           1  stm32f0xx_it.o(.data)
    count                                    0x20000042   Data           1  stm32f0xx_it.o(.data)
    SYSTICK_Delay_Flag                       0x20000048   Data           1  systick.o(.data)
    g_FirstTwoVehicleNumberList              0x2000004c   Data         504  vehicle_number.o(.data)
    g_SecondFiveVehicleNumberList            0x20000244   Data          14  vehicle_number.o(.data)
    AlphaBeltaMask                           0x20000254   Data           4  vehicle_number.o(.data)
    g_Vehicle_Number_List_Normal_ZJ          0x20000258   Data          12  vehicle_number.o(.data)
    g_Vehicle_Number_List_WJN                0x20000264   Data          12  vehicle_number.o(.data)
    g_Vehicle_Number_List_Normal_LN          0x20000270   Data          12  vehicle_number.o(.data)
    WiegandConfig                            0x2000027c   Data           8  wiegand.o(.data)
    RS485_RCV_DATA                           0x20000284   Data          12  main.o(.bss)
    RS485_Rcv_temp                           0x20000290   Data          13  main.o(.bss)
    __libspace_start                         0x200002a0   Data          96  libspace.o(.bss)
    __temporary_stack_top$libspace           0x20000300   Data           0  libspace.o(.bss)



==============================================================================

Memory Map of the image

  Image Entry point : 0x080000b5

  Load Region LR_IROM1 (Base: 0x08000000, Size: 0x00002110, Max: 0x00010000, ABSOLUTE, COMPRESSED[0x0000203c])

    Execution Region ER_IROM1 (Base: 0x08000000, Size: 0x00001e8c, Max: 0x00010000, ABSOLUTE)

    Base Addr    Size         Type   Attr      Idx    E Section Name        Object

    0x08000000   0x000000b4   Data   RO            3    RESET               startup_stm32f030.o
    0x080000b4   0x00000008   Code   RO         1681  * !!!main             c_p.l(__main.o)
    0x080000bc   0x0000003c   Code   RO         1852    !!!scatter          c_p.l(__scatter.o)
    0x080000f8   0x0000001c   Code   RO         1854    !!handler_zi        c_p.l(__scatter_zi.o)
    0x08000114   0x00000002   Code   RO         1719    .ARM.Collect$$libinit$$00000000  c_p.l(libinit.o)
    0x08000116   0x00000000   Code   RO         1733    .ARM.Collect$$libinit$$00000002  c_p.l(libinit2.o)
    0x08000116   0x00000000   Code   RO         1735    .ARM.Collect$$libinit$$00000004  c_p.l(libinit2.o)
    0x08000116   0x00000000   Code   RO         1738    .ARM.Collect$$libinit$$0000000A  c_p.l(libinit2.o)
    0x08000116   0x00000000   Code   RO         1740    .ARM.Collect$$libinit$$0000000C  c_p.l(libinit2.o)
    0x08000116   0x00000000   Code   RO         1742    .ARM.Collect$$libinit$$0000000E  c_p.l(libinit2.o)
    0x08000116   0x00000000   Code   RO         1745    .ARM.Collect$$libinit$$00000011  c_p.l(libinit2.o)
    0x08000116   0x00000000   Code   RO         1747    .ARM.Collect$$libinit$$00000013  c_p.l(libinit2.o)
    0x08000116   0x00000000   Code   RO         1749    .ARM.Collect$$libinit$$00000015  c_p.l(libinit2.o)
    0x08000116   0x00000000   Code   RO         1751    .ARM.Collect$$libinit$$00000017  c_p.l(libinit2.o)
    0x08000116   0x00000000   Code   RO         1753    .ARM.Collect$$libinit$$00000019  c_p.l(libinit2.o)
    0x08000116   0x00000000   Code   RO         1755    .ARM.Collect$$libinit$$0000001B  c_p.l(libinit2.o)
    0x08000116   0x00000000   Code   RO         1757    .ARM.Collect$$libinit$$0000001D  c_p.l(libinit2.o)
    0x08000116   0x00000000   Code   RO         1759    .ARM.Collect$$libinit$$0000001F  c_p.l(libinit2.o)
    0x08000116   0x00000000   Code   RO         1761    .ARM.Collect$$libinit$$00000021  c_p.l(libinit2.o)
    0x08000116   0x00000000   Code   RO         1763    .ARM.Collect$$libinit$$00000023  c_p.l(libinit2.o)
    0x08000116   0x00000000   Code   RO         1765    .ARM.Collect$$libinit$$00000025  c_p.l(libinit2.o)
    0x08000116   0x00000000   Code   RO         1769    .ARM.Collect$$libinit$$0000002C  c_p.l(libinit2.o)
    0x08000116   0x00000000   Code   RO         1771    .ARM.Collect$$libinit$$0000002E  c_p.l(libinit2.o)
    0x08000116   0x00000000   Code   RO         1773    .ARM.Collect$$libinit$$00000030  c_p.l(libinit2.o)
    0x08000116   0x00000000   Code   RO         1775    .ARM.Collect$$libinit$$00000032  c_p.l(libinit2.o)
    0x08000116   0x00000002   Code   RO         1776    .ARM.Collect$$libinit$$00000033  c_p.l(libinit2.o)
    0x08000118   0x00000002   Code   RO         1807    .ARM.Collect$$libshutdown$$00000000  c_p.l(libshutdown.o)
    0x0800011a   0x00000000   Code   RO         1833    .ARM.Collect$$libshutdown$$00000002  c_p.l(libshutdown2.o)
    0x0800011a   0x00000000   Code   RO         1835    .ARM.Collect$$libshutdown$$00000004  c_p.l(libshutdown2.o)
    0x0800011a   0x00000000   Code   RO         1838    .ARM.Collect$$libshutdown$$00000007  c_p.l(libshutdown2.o)
    0x0800011a   0x00000000   Code   RO         1841    .ARM.Collect$$libshutdown$$0000000A  c_p.l(libshutdown2.o)
    0x0800011a   0x00000000   Code   RO         1843    .ARM.Collect$$libshutdown$$0000000C  c_p.l(libshutdown2.o)
    0x0800011a   0x00000000   Code   RO         1846    .ARM.Collect$$libshutdown$$0000000F  c_p.l(libshutdown2.o)
    0x0800011a   0x00000002   Code   RO         1847    .ARM.Collect$$libshutdown$$00000010  c_p.l(libshutdown2.o)
    0x0800011c   0x00000000   Code   RO         1683    .ARM.Collect$$rtentry$$00000000  c_p.l(__rtentry.o)
    0x0800011c   0x00000000   Code   RO         1689    .ARM.Collect$$rtentry$$00000002  c_p.l(__rtentry2.o)
    0x0800011c   0x00000006   Code   RO         1701    .ARM.Collect$$rtentry$$00000004  c_p.l(__rtentry4.o)
    0x08000122   0x00000000   Code   RO         1691    .ARM.Collect$$rtentry$$00000009  c_p.l(__rtentry2.o)
    0x08000122   0x00000004   Code   RO         1692    .ARM.Collect$$rtentry$$0000000A  c_p.l(__rtentry2.o)
    0x08000126   0x00000000   Code   RO         1694    .ARM.Collect$$rtentry$$0000000C  c_p.l(__rtentry2.o)
    0x08000126   0x00000008   Code   RO         1695    .ARM.Collect$$rtentry$$0000000D  c_p.l(__rtentry2.o)
    0x0800012e   0x00000002   Code   RO         1724    .ARM.Collect$$rtexit$$00000000  c_p.l(rtexit.o)
    0x08000130   0x00000000   Code   RO         1780    .ARM.Collect$$rtexit$$00000002  c_p.l(rtexit2.o)
    0x08000130   0x00000004   Code   RO         1781    .ARM.Collect$$rtexit$$00000003  c_p.l(rtexit2.o)
    0x08000134   0x00000006   Code   RO         1782    .ARM.Collect$$rtexit$$00000004  c_p.l(rtexit2.o)
    0x0800013a   0x00000002   PAD
    0x0800013c   0x00000074   Code   RO            4    .text               startup_stm32f030.o
    0x080001b0   0x0000015a   Code   RO         1675    .text               c_p.l(aeabi_sdiv.o)
    0x0800030a   0x00000006   Code   RO         1679    .text               c_p.l(heapauxi.o)
    0x08000310   0x0000003e   Code   RO         1705    .text               c_p.l(sys_stackheap_outer.o)
    0x0800034e   0x00000010   Code   RO         1708    .text               c_p.l(exit.o)
    0x0800035e   0x00000002   PAD
    0x08000360   0x00000008   Code   RO         1720    .text               c_p.l(libspace.o)
    0x08000368   0x0000000c   Code   RO         1777    .text               c_p.l(sys_exit.o)
    0x08000374   0x00000002   Code   RO         1796    .text               c_p.l(use_no_semi.o)
    0x08000376   0x00000000   Code   RO         1798    .text               c_p.l(indicate_semi.o)
    0x08000376   0x00000056   Code   RO         1850    .text               c_p.l(__dczerorl2.o)
    0x080003cc   0x00000010   Code   RO         1567    i.BASIC_Initializes  basic.o
    0x080003dc   0x0000004e   Code   RO         1362    i.CheckIfInFisrtPartVehicleNumberList  vehicle_number.o
    0x0800042a   0x00000002   PAD
    0x0800042c   0x000000b8   Code   RO         1087    i.Deal_485_Data     main.o
    0x080004e4   0x00000098   Code   RO         1088    i.Deal_WG_Data      main.o
    0x0800057c   0x00000012   Code   RO         1363    i.Debug_Print       vehicle_number.o
    0x0800058e   0x00000040   Code   RO         1089    i.EXIT_Configuration  main.o
    0x080005ce   0x00000002   PAD
    0x080005d0   0x00000218   Code   RO         1170    i.EXTI4_15_IRQHandler  stm32f0xx_it.o
    0x080007e8   0x0000000c   Code   RO          897    i.EXTI_ClearITPendingBit  stm32f0xx_exti.o
    0x080007f4   0x0000001c   Code   RO          901    i.EXTI_GetITStatus  stm32f0xx_exti.o
    0x08000810   0x00000088   Code   RO          902    i.EXTI_Init         stm32f0xx_exti.o
    0x08000898   0x0000010e   Code   RO         1568    i.GPIO_Basic_Configuration  basic.o
    0x080009a6   0x00000090   Code   RO           13    i.GPIO_Init         stm32f0xx_gpio.o
    0x08000a36   0x00000044   Code   RO           14    i.GPIO_PinAFConfig  stm32f0xx_gpio.o
    0x08000a7a   0x00000014   Code   RO           17    i.GPIO_ReadInputDataBit  stm32f0xx_gpio.o
    0x08000a8e   0x00000004   Code   RO           20    i.GPIO_ResetBits    stm32f0xx_gpio.o
    0x08000a92   0x00000004   Code   RO           21    i.GPIO_SetBits      stm32f0xx_gpio.o
    0x08000a96   0x0000002e   Code   RO         1457    i.Get_WG26_Data     wiegand.o
    0x08000ac4   0x00000004   Code   RO         1171    i.HardFault_Handler  stm32f0xx_it.o
    0x08000ac8   0x00000042   Code   RO         1641    i.LedBlink          led.o
    0x08000b0a   0x00000002   Code   RO         1172    i.NMI_Handler       stm32f0xx_it.o
    0x08000b0c   0x00000028   Code   RO         1569    i.NVIC_Configuration  basic.o
    0x08000b34   0x00000070   Code   RO          196    i.NVIC_Init         stm32f0xx_misc.o
    0x08000ba4   0x00000078   Code   RO         1237    i.NVIC_SetPriority  systick.o
    0x08000c1c   0x00000002   Code   RO         1173    i.PendSV_Handler    stm32f0xx_it.o
    0x08000c1e   0x00000002   PAD
    0x08000c20   0x00000020   Code   RO          229    i.RCC_AHBPeriphClockCmd  stm32f0xx_rcc.o
    0x08000c40   0x00000020   Code   RO          231    i.RCC_APB1PeriphClockCmd  stm32f0xx_rcc.o
    0x08000c60   0x00000020   Code   RO          233    i.RCC_APB2PeriphClockCmd  stm32f0xx_rcc.o
    0x08000c80   0x00000024   Code   RO         1570    i.RCC_Configuration  basic.o
    0x08000ca4   0x00000248   Code   RO          243    i.RCC_GetClocksFreq  stm32f0xx_rcc.o
    0x08000eec   0x00000042   Code   RO         1297    i.RS485_Check       rs485.o
    0x08000f2e   0x00000012   Code   RO         1301    i.RS485_Data_Rcv    rs485.o
    0x08000f40   0x00000018   Code   RO         1302    i.RS485_SendData    rs485.o
    0x08000f58   0x00000002   Code   RO         1174    i.SVC_Handler       stm32f0xx_it.o
    0x08000f5a   0x00000002   PAD
    0x08000f5c   0x00000040   Code   RO          962    i.SYSCFG_EXTILineConfig  stm32f0xx_syscfg.o
    0x08000f9c   0x00000024   Code   RO         1458    i.Send_Wiegand      wiegand.o
    0x08000fc0   0x0000013a   Code   RO         1459    i.Send_Wiegand26    wiegand.o
    0x080010fa   0x000001f2   Code   RO         1461    i.Send_Wiegand42    wiegand.o
    0x080012ec   0x000000d8   Code   RO         1032    i.SetSysClock       system_stm32f0xx.o
    0x080013c4   0x00000024   Code   RO         1462    i.Soft_delay_ms     wiegand.o
    0x080013e8   0x00000022   Code   RO         1463    i.Soft_delay_us     wiegand.o
    0x0800140a   0x00000002   PAD
    0x0800140c   0x00000094   Code   RO         1175    i.SysTick_Handler   stm32f0xx_it.o
    0x080014a0   0x00000064   Code   RO         1238    i.SysTick_Init      systick.o
    0x08001504   0x0000007c   Code   RO         1034    i.SystemInit        system_stm32f0xx.o
    0x08001580   0x00000020   Code   RO         1090    i.System_Initializes  main.o
    0x080015a0   0x000000f0   Code   RO         1176    i.USART1_IRQHandler  stm32f0xx_it.o
    0x08001690   0x00000012   Code   RO          494    i.USART_ClearITPendingBit  stm32f0xx_usart.o
    0x080016a2   0x00000018   Code   RO          497    i.USART_Cmd         stm32f0xx_usart.o
    0x080016ba   0x00000002   PAD
    0x080016bc   0x00000054   Code   RO         1611    i.USART_Configuration  usart.o
    0x08001710   0x00000014   Code   RO          505    i.USART_GetFlagStatus  stm32f0xx_usart.o
    0x08001724   0x0000004e   Code   RO          506    i.USART_GetITStatus  stm32f0xx_usart.o
    0x08001772   0x00000042   Code   RO          508    i.USART_ITConfig    stm32f0xx_usart.o
    0x080017b4   0x000000f8   Code   RO          509    i.USART_Init        stm32f0xx_usart.o
    0x080018ac   0x00000008   Code   RO         1612    i.USART_Initializes  usart.o
    0x080018b4   0x0000002c   Code   RO          521    i.USART_Printf      stm32f0xx_usart.o
    0x080018e0   0x0000000a   Code   RO          522    i.USART_ReceiveData  stm32f0xx_usart.o
    0x080018ea   0x0000002e   Code   RO          527    i.USART_Send        stm32f0xx_usart.o
    0x08001918   0x0000001c   Code   RO          528    i.USART_SendData    stm32f0xx_usart.o
    0x08001934   0x000000d6   Code   RO         1464    i.WG26_Check        wiegand.o
    0x08001a0a   0x00000002   PAD
    0x08001a0c   0x00000028   Code   RO         1468    i.WG_Send_Bit_0     wiegand.o
    0x08001a34   0x00000028   Code   RO         1469    i.WG_Send_Bit_1     wiegand.o
    0x08001a5c   0x00000028   Code   RO         1470    i.WG_Send_Byte      wiegand.o
    0x08001a84   0x0000001c   Code   RO         1471    i.WiegandInit       wiegand.o
    0x08001aa0   0x00000054   Code   RO         1364    i.assembleAscii     vehicle_number.o
    0x08001af4   0x00000014   Code   RO         1365    i.combineAsciiToDec  vehicle_number.o
    0x08001b08   0x00000058   Code   RO         1091    i.dealCarNumber     main.o
    0x08001b60   0x000000d4   Code   RO         1366    i.firstPartNumberOut  vehicle_number.o
    0x08001c34   0x0000002e   Code   RO         1367    i.getPositionInSecondPartVehicleNumberList  vehicle_number.o
    0x08001c62   0x0000003c   Code   RO         1368    i.getRealPositionInAlphaBeltaList  vehicle_number.o
    0x08001c9e   0x00000002   PAD
    0x08001ca0   0x00000008   Code   RO         1369    i.getSecondVehicleNumHead  vehicle_number.o
    0x08001ca8   0x00000008   Code   RO         1370    i.getVehicleNumHead  vehicle_number.o
    0x08001cb0   0x0000011c   Code   RO         1092    i.main              main.o
    0x08001dcc   0x00000088   Code   RO         1372    i.secondPartNumberOut  vehicle_number.o
    0x08001e54   0x00000016   Code   RO         1373    i.uint8ToUint16     vehicle_number.o
    0x08001e6a   0x00000002   PAD
    0x08001e6c   0x00000020   Data   RO         1848    Region$$Table       anon$$obj.o


    Execution Region RW_IRAM1 (Base: 0x20000000, Size: 0x00000900, Max: 0x00002000, ABSOLUTE, COMPRESSED[0x000001b0])

    Base Addr    Size         Type   Attr      Idx    E Section Name        Object

    0x20000000   0x00000010   Data   RW          269    .data               stm32f0xx_rcc.o
    0x20000010   0x00000014   Data   RW         1035    .data               system_stm32f0xx.o
    0x20000024   0x00000018   Data   RW         1094    .data               main.o
    0x2000003c   0x00000007   Data   RW         1177    .data               stm32f0xx_it.o
    0x20000043   0x00000001   PAD
    0x20000044   0x00000005   Data   RW         1240    .data               systick.o
    0x20000049   0x00000003   PAD
    0x2000004c   0x00000230   Data   RW         1374    .data               vehicle_number.o
    0x2000027c   0x00000008   Data   RW         1472    .data               wiegand.o
    0x20000284   0x00000019   Zero   RW         1093    .bss                main.o
    0x2000029d   0x00000003   PAD
    0x200002a0   0x00000060   Zero   RW         1721    .bss                c_p.l(libspace.o)
    0x20000300   0x00000200   Zero   RW            2    HEAP                startup_stm32f030.o
    0x20000500   0x00000400   Zero   RW            1    STACK               startup_stm32f030.o


==============================================================================

Image component sizes


      Code (inc. data)   RO Data    RW Data    ZI Data      Debug   Object Name

       362          6          0          0          0       2024   basic.o
        66          0          0          0          0        515   led.o
       804        148          0         24         25       5820   main.o
       108          6          0          0          0       2120   rs485.o
       116         56        180          0       1536        732   startup_stm32f030.o
       176         16          0          0          0       2188   stm32f0xx_exti.o
       240          0          0          0          0     196611   stm32f0xx_gpio.o
       934        118          0          7          0       4221   stm32f0xx_it.o
       112          6          0          0          0        988   stm32f0xx_misc.o
       680         42          0         16          0       3766   stm32f0xx_rcc.o
        64          4          0          0          0        656   stm32f0xx_syscfg.o
       582         34          0          0          0       7543   stm32f0xx_usart.o
       340         24          0         20          0       1805   system_stm32f0xx.o
       220         28          0          5          0     164896   systick.o
        92         14          0          0          0        970   usart.o
       692         52          0        560          0       9483   vehicle_number.o
      1326         28          0          8          0       7875   wiegand.o

    ----------------------------------------------------------------------
      6932        582        212        644       1564     412213   Object Totals
         0          0         32          0          0          0   (incl. Generated)
        18          0          0          4          3          0   (incl. Padding)

    ----------------------------------------------------------------------

      Code (inc. data)   RO Data    RW Data    ZI Data      Debug   Library Member Name

        86          0          0          0          0          0   __dczerorl2.o
         8          0          0          0          0         68   __main.o
         0          0          0          0          0          0   __rtentry.o
        12          0          0          0          0          0   __rtentry2.o
         6          0          0          0          0          0   __rtentry4.o
        60          8          0          0          0          0   __scatter.o
        28          0          0          0          0          0   __scatter_zi.o
       346          0          0          0          0         92   aeabi_sdiv.o
        16          0          0          0          0         68   exit.o
         6          0          0          0          0        136   heapauxi.o
         0          0          0          0          0          0   indicate_semi.o
         2          0          0          0          0          0   libinit.o
         2          0          0          0          0          0   libinit2.o
         2          0          0          0          0          0   libshutdown.o
         2          0          0          0          0          0   libshutdown2.o
         8          4          0          0         96         68   libspace.o
         2          0          0          0          0          0   rtexit.o
        10          0          0          0          0          0   rtexit2.o
        12          4          0          0          0         60   sys_exit.o
        62          0          0          0          0         80   sys_stackheap_outer.o
         2          0          0          0          0         68   use_no_semi.o

    ----------------------------------------------------------------------
       676         16          0          0         96        640   Library Totals
         4          0          0          0          0          0   (incl. Padding)

    ----------------------------------------------------------------------

      Code (inc. data)   RO Data    RW Data    ZI Data      Debug   Library Name

       672         16          0          0         96        640   c_p.l

    ----------------------------------------------------------------------
       676         16          0          0         96        640   Library Totals

    ----------------------------------------------------------------------

==============================================================================


      Code (inc. data)   RO Data    RW Data    ZI Data      Debug   

      7608        598        212        644       1660     409677   Grand Totals
      7608        598        212        432       1660     409677   ELF Image Totals (compressed)
      7608        598        212        432          0          0   ROM Totals

==============================================================================

    Total RO  Size (Code + RO Data)                 7820 (   7.64kB)
    Total RW  Size (RW Data + ZI Data)              2304 (   2.25kB)
    Total ROM Size (Code + RO Data + RW Data)       8252 (   8.06kB)

==============================================================================

